#define ACTIVATE_WARNING_PRAGMAS 
#define ALIGNTYP_P int
#define ALIGNWEIGHT 4
#define ALTMETA 
#define ARG_MAX 131072
#define ATTRNORETURN 
#define ATTRUNUSED 
#define AppendLongDigit(L,D) (((L) < LONG_MAX / 10L || ((L) == LONG_MAX / 10L && (D) <= LONG_MAX % 10L)) ? (L) * 10L + (D) : -1L)
#define BACKWARD_COMPAT 
#define BC_BASE_MAX 99
#define BC_DIM_MAX 2048
#define BC_SCALE_MAX 99
#define BC_STRING_MAX 1000
#define BITFIELDS 
#define BOGUSMONFILE "bogusmon"
#define BONESINIT "bonesnn.xxx.le"
#define BONESSIZE sizeof(BONESINIT)
#define BOOLEAN_P int
#define BOOL_RANDOM (-1)
#define BRIGHT 8
#define BUFSIZ 1024
#define BUFSZ 256
#define BUS_ADRALN 1
#define BUS_ADRERR 2
#define BUS_MCEERR_AO 5
#define BUS_MCEERR_AR 4
#define BUS_OBJERR 3
#define Bitfield(x,n) unsigned x : n
#define C(c) (0x1f & (c))
#define CHARCLASS_NAME_MAX 14
#define CHAR_BIT __CHAR_BIT__
#define CHAR_MAX __SCHAR_MAX__
#define CHAR_MIN SCHAR_MIN
#define CHAR_P int
#define CHECK_PANIC_SAVE 
#define CHRONICLE 
#define CLD_CONTINUED 6
#define CLD_DUMPED 3
#define CLD_EXITED 1
#define CLD_KILLED 2
#define CLD_STOPPED 5
#define CLD_TRAPPED 4
#define CLIPPING 
#define CLOCKS_PER_SEC 1000000L
#define CLOCK_BOOTTIME 7
#define CLOCK_BOOTTIME_ALARM 9
#define CLOCK_MONOTONIC 1
#define CLOCK_MONOTONIC_COARSE 6
#define CLOCK_MONOTONIC_RAW 4
#define CLOCK_PROCESS_CPUTIME_ID 2
#define CLOCK_REALTIME 0
#define CLOCK_REALTIME_ALARM 8
#define CLOCK_REALTIME_COARSE 5
#define CLOCK_SGI_CYCLE 10
#define CLOCK_TAI 11
#define CLOCK_THREAD_CPUTIME_ID 3
#define CLR_BLACK 0
#define CLR_BLUE 4
#define CLR_BRIGHT_BLUE 12
#define CLR_BRIGHT_CYAN 14
#define CLR_BRIGHT_GREEN 10
#define CLR_BRIGHT_MAGENTA 13
#define CLR_BROWN 3
#define CLR_CYAN 6
#define CLR_GRAY 7
#define CLR_GREEN 2
#define CLR_MAGENTA 5
#define CLR_MAX 16
#define CLR_ORANGE 9
#define CLR_RED 1
#define CLR_WHITE 15
#define CLR_YELLOW 11
#define CMDHELPFILE "cmdhelp"
#define COLBUFSZ BUFSZ
#define COLL_WEIGHTS_MAX 2
#define COLNO 80
#define COLORVAL(x) ((x) & 0xFFFFFF)
#define COLOR_H 
#define COMPRESS_EXTENSION ".Z"
#define CONFIG1_H 
#define CONFIG_ERROR_SECURE TRUE
#define CONFIG_H 
#define COORD_H 
#define COPYRIGHT_BANNER_A "NetHack, Copyright 1985-2026"
#define COPYRIGHT_BANNER_B "         By Stichting Mathematisch Centrum and M. Stephenson."
#define COPYRIGHT_BANNER_C nomakedefs.copyright_banner_c
#define COPYRIGHT_BANNER_D "         See license for details."
#define CROSSCOMPILE 1
#define CROSSCOMPILE_TARGET 1
#define CROSS_TO_WASM 1
#define CSTD_H 
#define DATAFILE "data"
#define DATAPREFIX 4
#define DEBUG 
#define DEBUGHELP "wizhelp"
#define DEBUG_MIGRATING_MONS 
#define DEFAULT_WINDOW_SYS "shim"
#define DELAYTIMER_MAX 0x7fffffff
#define DISABLE_WARNING_CONDEXPR_IS_CONSTANT 
#define DISABLE_WARNING_FORMAT_NONLITERAL _Pragma("clang diagnostic push") _Pragma("clang diagnostic ignored \"-Wformat-nonliteral\"")
#define DISABLE_WARNING_UNREACHABLE_CODE _Pragma("clang diagnostic push") _Pragma("clang diagnostic ignored \"-Wunreachable-code\"")
#define DLB 1
#define DLBFILE "nhdat"
#define DLBLIB 
#define DLB_H 
#define DLB_MAX_VERS 1
#define DLB_MIN_VERS 1
#define DLB_P dlb *
#define DOORINC 20
#define DRAGON_SILVER CLR_BRIGHT_CYAN
#define EDITLEVEL 0
#define ENGRAVEFILE "engrave"
#define ENHANCED_SYMBOLS 
#define ENTRYMAX 100
#define EOF (-1)
#define EPITAPHFILE "epitaph"
#define EXIT_FAILURE 1
#define EXIT_SUCCESS 0
#define EXPR_NEST_MAX 32
#define FALLTHROUGH __attribute__((fallthrough))
#define FALSE ((boolean) 0)
#define FCMASK 0660
#define FD_CLR(d,s) ((s)->fds_bits[(d)/(8*sizeof(long))] &= ~(1UL<<((d)%(8*sizeof(long)))))
#define FD_ISSET(d,s) !!((s)->fds_bits[(d)/(8*sizeof(long))] & (1UL<<((d)%(8*sizeof(long)))))
#define FD_SET(d,s) ((s)->fds_bits[(d)/(8*sizeof(long))] |= (1UL<<((d)%(8*sizeof(long)))))
#define FD_SETSIZE 1024
#define FD_ZERO(s) do { int __i; unsigned long *__b=(s)->fds_bits; for(__i=sizeof (fd_set)/sizeof (long); __i; __i--) *__b++=0; } while(0)
#define FILENAME_CMP strcmp
#define FILENAME_MAX 4096
#define FILESIZEBITS 64
#define FITSuint(x) FITSuint_((x), __func__, __LINE__)
#define FNAMESIZ_H 
#define FOPEN_MAX 1000
#define FPE_FLTDIV 3
#define FPE_FLTINV 7
#define FPE_FLTOVF 4
#define FPE_FLTRES 6
#define FPE_FLTSUB 8
#define FPE_FLTUND 5
#define FPE_INTDIV 1
#define FPE_INTOVF 2
#define FREE_ALL_MEMORY 
#define F_LOCK 1
#define F_OK 0
#define F_TEST 3
#define F_TLOCK 2
#define F_ULOCK 0
#define GDBPATH "/usr/bin/gdb"
#define GLOBAL_H 
#define GREPPATH "/bin/grep"
#define HACKDIR "/"
#define HANGUPHANDLING 
#define HAS_INTTYPES_H 
#define HAS_PTR_FMT 
#define HAS_STDINT_H 
#define HELP "help"
#define HISTORY "history"
#define HI_CLOTH CLR_BROWN
#define HI_COPPER CLR_YELLOW
#define HI_DOMESTIC CLR_WHITE
#define HI_GLASS CLR_BRIGHT_CYAN
#define HI_GOLD CLR_YELLOW
#define HI_LEATHER CLR_BROWN
#define HI_LORD CLR_MAGENTA
#define HI_METAL CLR_CYAN
#define HI_MINERAL CLR_GRAY
#define HI_OBJ CLR_MAGENTA
#define HI_ORGANIC CLR_BROWN
#define HI_OVERLORD CLR_BRIGHT_MAGENTA
#define HI_PAPER CLR_WHITE
#define HI_SILVER CLR_GRAY
#define HI_WOOD CLR_BROWN
#define HI_ZAP CLR_BRIGHT_BLUE
#define HLOCK "perm"
#define HOST_NAME_MAX 255
#define ILL_BADSTK 8
#define ILL_COPROC 7
#define ILL_ILLADR 3
#define ILL_ILLOPC 1
#define ILL_ILLOPN 2
#define ILL_ILLTRP 4
#define ILL_PRVOPC 5
#define ILL_PRVREG 6
#define INDEXT ".xxxxxx"
#define INDSIZE sizeof(INDEXT)
#define INSURANCE 
#define INT16_C __INT16_C
#define INT16_MAX __INT16_MAX__
#define INT16_MIN (-1-__INT16_MAX__)
#define INT32_C __INT32_C
#define INT32_MAX __INT32_MAX__
#define INT32_MIN (-1-__INT32_MAX__)
#define INT64_C __INT64_C
#define INT64_MAX __INT64_MAX__
#define INT64_MIN (-1-__INT64_MAX__)
#define INT8_C __INT8_C
#define INT8_MAX __INT8_MAX__
#define INT8_MIN (-1-__INT8_MAX__)
#define INTEGER_H 
#define INTMAX_C __INTMAX_C
#define INTMAX_MAX __INTMAX_MAX__
#define INTMAX_MIN (-1-__INTMAX_MAX__)
#define INTPTR_MAX __INTPTR_MAX__
#define INTPTR_MIN (-1-__INTPTR_MAX__)
#define INT_FAST16_MAX __INT_FAST16_MAX__
#define INT_FAST16_MIN (-1-__INT_FAST16_MAX__)
#define INT_FAST32_MAX __INT_FAST32_MAX__
#define INT_FAST32_MIN (-1-__INT_FAST32_MAX__)
#define INT_FAST64_MAX __INT_FAST64_MAX__
#define INT_FAST64_MIN (-1-__INT_FAST64_MAX__)
#define INT_FAST8_MAX __INT_FAST8_MAX__
#define INT_FAST8_MIN (-1-__INT_FAST8_MAX__)
#define INT_LEAST16_MAX __INT_LEAST16_MAX__
#define INT_LEAST16_MIN (-1-__INT_LEAST16_MAX__)
#define INT_LEAST32_MAX __INT_LEAST32_MAX__
#define INT_LEAST32_MIN (-1-__INT_LEAST32_MAX__)
#define INT_LEAST64_MAX __INT_LEAST64_MAX__
#define INT_LEAST64_MIN (-1-__INT_LEAST64_MAX__)
#define INT_LEAST8_MAX __INT_LEAST8_MAX__
#define INT_LEAST8_MIN (-1-__INT_LEAST8_MAX__)
#define INT_MAX __INT_MAX__
#define INT_MIN (-__INT_MAX__ -1)
#define IOV_MAX 1024
#define ITIMER_PROF 2
#define ITIMER_REAL 0
#define ITIMER_VIRTUAL 1
#define KEYHELP "keyhelp"
#define LARGEST_INT 32767
#define LEV_EXT ".lua"
#define LIBNH 1
#define LICENSE "license"
#define LINE_MAX 4096
#define LIVELOG 
#define LIVELOGFILE "livelog"
#define LLONG_MAX __LONG_LONG_MAX__
#define LLONG_MIN (-__LONG_LONG_MAX__-1LL)
#define LL_ACHIEVE 0x0002L
#define LL_ALIGNMENT 0x0200L
#define LL_ARTIFACT 0x0040L
#define LL_CONDUCT 0x0020L
#define LL_DEBUG 0x8000L
#define LL_DIVINEGIFT 0x0008L
#define LL_DUMP 0x4000L
#define LL_DUMP_ALL 0x0800L
#define LL_DUMP_ASC 0x0400L
#define LL_GENOCIDE 0x0080L
#define LL_KILLEDPET 0x0100L
#define LL_LIFESAVE 0x0010L
#define LL_MINORAC 0x1000L
#define LL_NONE 0x0000L
#define LL_SPOILER 0x2000L
#define LL_UMONST 0x0004L
#define LL_WISH 0x0001L
#define LOCKNAMEINIT "1lock"
#define LOCKNAMESIZE (PL_NSIZ + 14)
#define LOGFILE "logfile"
#define LOGIN_NAME_MAX 256
#define LONG_BIT 32
#define LONG_LONG_MAX __LONG_LONG_MAX__
#define LONG_LONG_MIN (-__LONG_LONG_MAX__-1LL)
#define LONG_MAX __LONG_MAX__
#define LONG_MIN (-__LONG_MAX__ -1L)
#define L_INCR 1
#define L_SET 0
#define L_XTND 2
#define L_ctermid 20
#define L_cuserid 20
#define L_tmpnam 20
#define M(c) ((c) - 128)
#define MACRO_CPATH 
#define MAIL_STRUCTURES 
#define MAKEDEFS_FILTER_NONASCII 
#define MAXDUNGEON 16
#define MAXLEVEL 32
#define MAXMONNO 120
#define MAXNROFROOMS 40
#define MAXSTAIRS 1
#define MAXULEV 30
#define MAX_LIBS 4
#define MAX_MSG_HISTORY 128
#define MAX_SUBROOMS 24
#define MB_CUR_MAX (__ctype_get_mb_cur_max())
#define MB_LEN_MAX 4
#define MD_PAD_BOGONS 20u
#define MD_PAD_RUMORS 60u
#define MHPMAX 500
#define MINSIGSTKSZ 2048
#define MONST_P struct monst *
#define MQ_PRIO_MAX 32768
#define NAME_MAX 255
#define NEARDATA 
#define NETWORK 
#define NEWS "news"
#define NFDBITS (8*(int)sizeof(long))
#define NGROUPS_MAX 32
#define NHL_SANDBOX 
#define NHL_SBRV_ACCEPT 2
#define NHL_SBRV_DENY 1
#define NHL_SBRV_FAIL 3
#define NHL_SB_ALL 0x0000ffff
#define NHL_SB_BASEMASK 0x00000f80
#define NHL_SB_BASE_BASE 0x00000080
#define NHL_SB_BASE_ERROR 0x00000100
#define NHL_SB_BASE_GC 0x00000400
#define NHL_SB_BASE_META 0x00000200
#define NHL_SB_BASE_UNSAFE 0x00000800
#define NHL_SB_COROUTINE 0x00000004
#define NHL_SB_DBMASK 0x00003000
#define NHL_SB_DB_DB 0x00001000
#define NHL_SB_DB_SAFE 0x00002000
#define NHL_SB_DEBUGGING 0x08000000
#define NHL_SB_MATH 0x00000008
#define NHL_SB_OS 0x00000040
#define NHL_SB_OSMASK 0x0000c000
#define NHL_SB_OS_FILES 0x00008000
#define NHL_SB_OS_TIME 0x00004000
#define NHL_SB_SAFE 0x80000000
#define NHL_SB_STEPSIZE 1000
#define NHL_SB_STRING 0x00000001
#define NHL_SB_TABLE 0x00000002
#define NHL_SB_UTF8 0x00000010
#define NHL_SB_VERSION 0x40000000
#define NHSTDC 
#define NH_ALTPALETTE 0x2000000
#define NH_BASIC_COLOR 0x1000000
#define NH_C 199900L
#define NH_DEVEL_STATUS NH_STATUS_RELEASED
#define NH_STATUS_BETA 2
#define NH_STATUS_POSTRELEASE 3
#define NH_STATUS_RELEASED 0
#define NH_STATUS_WIP 1
#define NL_ARGMAX 9
#define NL_LANGMAX 32
#define NL_MSGMAX 32767
#define NL_NMAX 16
#define NL_SETMAX 255
#define NL_TEXTMAX 2048
#define NOMAIL 1
#define NONNULL __attribute__((returns_nonnull))
#define NONNULLARG1 __attribute__((nonnull (1)))
#define NONNULLARG12 __attribute__((nonnull (1, 2)))
#define NONNULLARG123 __attribute__((nonnull (1, 2, 3)))
#define NONNULLARG13 __attribute__((nonnull (1, 3)))
#define NONNULLARG134 __attribute__((nonnull (1, 3, 4)))
#define NONNULLARG14 __attribute__((nonnull (1, 4)))
#define NONNULLARG145 __attribute__((nonnull (1, 4, 5)))
#define NONNULLARG17 __attribute__((nonnull (1, 7)))
#define NONNULLARG2 __attribute__((nonnull (2)))
#define NONNULLARG23 __attribute__((nonnull (2, 3)))
#define NONNULLARG24 __attribute__((nonnull (2, 4)))
#define NONNULLARG3 __attribute__((nonnull (3)))
#define NONNULLARG4 __attribute__((nonnull (4)))
#define NONNULLARG45 __attribute__((nonnull (4, 5)))
#define NONNULLARG5 __attribute__((nonnull (5)))
#define NONNULLARG6 __attribute__((nonnull (6)))
#define NONNULLARG7 __attribute__((nonnull (7)))
#define NONNULLPTRS __attribute__((nonnull))
#define NONNULLS_DEFINED 
#define NORETURN __attribute__((noreturn))
#define NOTPARMDECL 1
#define NOTTYGRAPHICS 1
#define NO_COLOR 8
#define NO_NNARGS 
#define NO_SIGNAL 1
#define NSIG _NSIG
#define NULL ((void*)0)
#define NZERO 20
#define OBJ_P struct obj *
#define OPTIONFILE "opthelp"
#define OPTIONS_USED "options"
#define OPTLIST_H 
#define OPTMENUHELP "optmenu"
#define ORACLEFILE "oracles"
#define PAGESIZE 65536
#define PAGE_SIZE PAGESIZE
#define PANICLOG "paniclog"
#define PATCHLEVEL 0
#define PATCHLEVEL_H 
#define PATH_MAX 4096
#define PERSMAX 3
#define PERS_IS_UID 1
#define PIPE_BUF 4096
#define PL_CSIZ 32
#define PL_FSIZ 32
#define PL_NSIZ 32
#define PL_NSIZ_PLUS (PL_NSIZ + 4 * (1 + 3) + 1)
#define PL_PSIZ 63
#define POINTSMIN 1
#define POLL_ERR 4
#define POLL_HUP 6
#define POLL_IN 1
#define POLL_MSG 3
#define POLL_OUT 2
#define POLL_PRI 5
#define PORT_ID "Unix"
#define POSIX_CLOSE_RESTART 0
#define POSIX_JOB_CONTROL 
#define POSIX_TYPES 
#define PRINTF_F(f,v) __attribute__((format(printf, f, v)))
#define PRINTF_F_PTR(f,v) PRINTF_F(f, v)
#define PRIO_MAX 20
#define PRIO_MIN (-20)
#define PRIO_PGRP 1
#define PRIO_PROCESS 0
#define PRIO_USER 2
#define PRIX16 "X"
#define PRIX32 "X"
#define PRIX64 __PRI64 "X"
#define PRIX8 "X"
#define PRIXFAST16 "X"
#define PRIXFAST32 "X"
#define PRIXFAST64 __PRI64 "X"
#define PRIXFAST8 "X"
#define PRIXLEAST16 "X"
#define PRIXLEAST32 "X"
#define PRIXLEAST64 __PRI64 "X"
#define PRIXLEAST8 "X"
#define PRIXMAX __PRI64 "X"
#define PRIXPTR __PRIPTR "X"
#define PRId16 "d"
#define PRId32 "d"
#define PRId64 __PRI64 "d"
#define PRId8 "d"
#define PRIdFAST16 "d"
#define PRIdFAST32 "d"
#define PRIdFAST64 __PRI64 "d"
#define PRIdFAST8 "d"
#define PRIdLEAST16 "d"
#define PRIdLEAST32 "d"
#define PRIdLEAST64 __PRI64 "d"
#define PRIdLEAST8 "d"
#define PRIdMAX __PRI64 "d"
#define PRIdPTR __PRIPTR "d"
#define PRIi16 "i"
#define PRIi32 "i"
#define PRIi64 __PRI64 "i"
#define PRIi8 "i"
#define PRIiFAST16 "i"
#define PRIiFAST32 "i"
#define PRIiFAST64 __PRI64 "i"
#define PRIiFAST8 "i"
#define PRIiLEAST16 "i"
#define PRIiLEAST32 "i"
#define PRIiLEAST64 __PRI64 "i"
#define PRIiLEAST8 "i"
#define PRIiMAX __PRI64 "i"
#define PRIiPTR __PRIPTR "i"
#define PRIo16 "o"
#define PRIo32 "o"
#define PRIo64 __PRI64 "o"
#define PRIo8 "o"
#define PRIoFAST16 "o"
#define PRIoFAST32 "o"
#define PRIoFAST64 __PRI64 "o"
#define PRIoFAST8 "o"
#define PRIoLEAST16 "o"
#define PRIoLEAST32 "o"
#define PRIoLEAST64 __PRI64 "o"
#define PRIoLEAST8 "o"
#define PRIoMAX __PRI64 "o"
#define PRIoPTR __PRIPTR "o"
#define PRIu16 "u"
#define PRIu32 "u"
#define PRIu64 __PRI64 "u"
#define PRIu8 "u"
#define PRIuFAST16 "u"
#define PRIuFAST32 "u"
#define PRIuFAST64 __PRI64 "u"
#define PRIuFAST8 "u"
#define PRIuLEAST16 "u"
#define PRIuLEAST32 "u"
#define PRIuLEAST64 __PRI64 "u"
#define PRIuLEAST8 "u"
#define PRIuMAX __PRI64 "u"
#define PRIuPTR __PRIPTR "u"
#define PRIx16 "x"
#define PRIx32 "x"
#define PRIx64 __PRI64 "x"
#define PRIx8 "x"
#define PRIxFAST16 "x"
#define PRIxFAST32 "x"
#define PRIxFAST64 __PRI64 "x"
#define PRIxFAST8 "x"
#define PRIxLEAST16 "x"
#define PRIxLEAST32 "x"
#define PRIxLEAST64 __PRI64 "x"
#define PRIxLEAST8 "x"
#define PRIxMAX __PRI64 "x"
#define PRIxPTR __PRIPTR "x"
#define PTHREAD_DESTRUCTOR_ITERATIONS 4
#define PTHREAD_KEYS_MAX 128
#define PTHREAD_STACK_MIN 2048
#define PTRDIFF_MAX __PTRDIFF_MAX__
#define PTRDIFF_MIN (-1-__PTRDIFF_MAX__)
#define P_tmpdir "/tmp"
#define QBUFSZ 128
#define RAND_MAX (0x7fffffff)
#define RDBMODE "r"
#define RDTMODE "r"
#define RECORD "record"
#define RESTORE_WARNINGS _Pragma("clang diagnostic pop")
#define RESTORE_WARNING_CONDEXPR_IS_CONSTANT 
#define RESTORE_WARNING_FORMAT_NONLITERAL _Pragma("clang diagnostic pop")
#define RESTORE_WARNING_UNREACHABLE_CODE _Pragma("clang diagnostic pop")
#define RE_DUP_MAX 255
#define RLIMIT_AS 9
#define RLIMIT_CORE 4
#define RLIMIT_CPU 0
#define RLIMIT_DATA 2
#define RLIMIT_FSIZE 1
#define RLIMIT_LOCKS 10
#define RLIMIT_MEMLOCK 8
#define RLIMIT_MSGQUEUE 12
#define RLIMIT_NICE 13
#define RLIMIT_NLIMITS 16
#define RLIMIT_NOFILE 7
#define RLIMIT_NPROC 6
#define RLIMIT_RSS 5
#define RLIMIT_RTPRIO 14
#define RLIMIT_RTTIME 15
#define RLIMIT_SIGPENDING 11
#define RLIMIT_STACK 3
#define RLIM_INFINITY (~0ULL)
#define RLIM_NLIMITS RLIMIT_NLIMITS
#define RLIM_SAVED_CUR RLIM_INFINITY
#define RLIM_SAVED_MAX RLIM_INFINITY
#define ROWNO 21
#define RUMORFILE "rumors"
#define RUSAGE_CHILDREN (-1)
#define RUSAGE_SELF 0
#define RUSAGE_THREAD 1
#define R_OK 4
#define SAFERHANGUP 
#define SAVESIZE (PL_NSIZ + sizeof(SAVEX) + sizeof(SAVE_EXTENSION) + INDSIZE)
#define SAVEX "save/99999.e"
#define SAVE_EXTENSION ""
#define SA_EXPOSE_TAGBITS 0x00000800
#define SA_NOCLDSTOP 1
#define SA_NOCLDWAIT 2
#define SA_NODEFER 0x40000000
#define SA_ONSTACK 0x08000000
#define SA_RESETHAND 0x80000000
#define SA_RESTART 0x10000000
#define SA_RESTORER 0x04000000
#define SA_SIGINFO 4
#define SA_UNSUPPORTED 0x00000400
#define SCHAR_MAX __SCHAR_MAX__
#define SCHAR_MIN (-__SCHAR_MAX__-1)
#define SCHAR_P int
#define SCNd16 "hd"
#define SCNd32 "d"
#define SCNd64 __PRI64 "d"
#define SCNd8 "hhd"
#define SCNdFAST16 "d"
#define SCNdFAST32 "d"
#define SCNdFAST64 __PRI64 "d"
#define SCNdFAST8 "hhd"
#define SCNdLEAST16 "hd"
#define SCNdLEAST32 "d"
#define SCNdLEAST64 __PRI64 "d"
#define SCNdLEAST8 "hhd"
#define SCNdMAX __PRI64 "d"
#define SCNdPTR __PRIPTR "d"
#define SCNi16 "hi"
#define SCNi32 "i"
#define SCNi64 __PRI64 "i"
#define SCNi8 "hhi"
#define SCNiFAST16 "i"
#define SCNiFAST32 "i"
#define SCNiFAST64 __PRI64 "i"
#define SCNiFAST8 "hhi"
#define SCNiLEAST16 "hi"
#define SCNiLEAST32 "i"
#define SCNiLEAST64 __PRI64 "i"
#define SCNiLEAST8 "hhi"
#define SCNiMAX __PRI64 "i"
#define SCNiPTR __PRIPTR "i"
#define SCNo16 "ho"
#define SCNo32 "o"
#define SCNo64 __PRI64 "o"
#define SCNo8 "hho"
#define SCNoFAST16 "o"
#define SCNoFAST32 "o"
#define SCNoFAST64 __PRI64 "o"
#define SCNoFAST8 "hho"
#define SCNoLEAST16 "ho"
#define SCNoLEAST32 "o"
#define SCNoLEAST64 __PRI64 "o"
#define SCNoLEAST8 "hho"
#define SCNoMAX __PRI64 "o"
#define SCNoPTR __PRIPTR "o"
#define SCNu16 "hu"
#define SCNu32 "u"
#define SCNu64 __PRI64 "u"
#define SCNu8 "hhu"
#define SCNuFAST16 "u"
#define SCNuFAST32 "u"
#define SCNuFAST64 __PRI64 "u"
#define SCNuFAST8 "hhu"
#define SCNuLEAST16 "hu"
#define SCNuLEAST32 "u"
#define SCNuLEAST64 __PRI64 "u"
#define SCNuLEAST8 "hhu"
#define SCNuMAX __PRI64 "u"
#define SCNuPTR __PRIPTR "u"
#define SCNx16 "hx"
#define SCNx32 "x"
#define SCNx64 __PRI64 "x"
#define SCNx8 "hhx"
#define SCNxFAST16 "x"
#define SCNxFAST32 "x"
#define SCNxFAST64 __PRI64 "x"
#define SCNxFAST8 "hhx"
#define SCNxLEAST16 "hx"
#define SCNxLEAST32 "x"
#define SCNxLEAST64 __PRI64 "x"
#define SCNxLEAST8 "hhx"
#define SCNxMAX __PRI64 "x"
#define SCNxPTR __PRIPTR "x"
#define SECURE 1
#define SEEK_CUR __WASI_WHENCE_CUR
#define SEEK_END __WASI_WHENCE_END
#define SEEK_SET __WASI_WHENCE_SET
#define SEGV_ACCERR 2
#define SEGV_BNDERR 3
#define SEGV_MAPERR 1
#define SEGV_MTEAERR 8
#define SEGV_MTESERR 9
#define SEGV_PKUERR 4
#define SELECTSAVED 
#define SEM_NSEMS_MAX 256
#define SEM_VALUE_MAX 0x7fffffff
#define SERVER_ADMIN_MSG_CKFREQ 25
#define SET__IS_VALUE_VALID(s) ((s < set_in_sysconf) || (s > set_wiznofuz))
#define SFCTOOL_BIT (1UL << 30)
#define SHELL 
#define SHELP "hh"
#define SHIM_GRAPHICS 1
#define SHORT_P int
#define SHRT_MAX __SHRT_MAX__
#define SHRT_MIN (-__SHRT_MAX__ -1)
#define SIGABRT 6
#define SIGALRM 14
#define SIGBUS 7
#define SIGCHLD 17
#define SIGCONT 18
#define SIGEV_NONE 1
#define SIGEV_SIGNAL 0
#define SIGEV_THREAD 2
#define SIGEV_THREAD_ID 4
#define SIGFPE 8
#define SIGHUP 1
#define SIGILL 4
#define SIGINT 2
#define SIGIO 29
#define SIGIOT SIGABRT
#define SIGKILL 9
#define SIGPIPE 13
#define SIGPOLL 29
#define SIGPROF 27
#define SIGPWR 30
#define SIGQUIT 3
#define SIGRTMAX (__libc_current_sigrtmax())
#define SIGRTMIN (__libc_current_sigrtmin())
#define SIGSEGV 11
#define SIGSTKFLT 16
#define SIGSTKSZ 8192
#define SIGSTOP 19
#define SIGSYS 31
#define SIGTERM 15
#define SIGTRAP 5
#define SIGTSTP 20
#define SIGTTIN 21
#define SIGTTOU 22
#define SIGUNUSED SIGSYS
#define SIGURG 23
#define SIGUSR1 10
#define SIGUSR2 12
#define SIGVTALRM 26
#define SIGWINCH 28
#define SIGXCPU 24
#define SIGXFSZ 25
#define SIG_ATOMIC_MAX INT32_MAX
#define SIG_ATOMIC_MIN INT32_MIN
#define SIG_BLOCK 0
#define SIG_DFL ((void (*)(int)) 0)
#define SIG_ERR ((void (*)(int))-1)
#define SIG_HOLD ((void (*)(int)) 2)
#define SIG_IGN ((void (*)(int))-2)
#define SIG_SETMASK 2
#define SIG_UNBLOCK 1
#define SIZE(x) (int)(sizeof(x) / sizeof(x[0]))
#define SIZE_MAX __SIZE_MAX__
#define SI_ASYNCIO (-4)
#define SI_ASYNCNL (-60)
#define SI_KERNEL 128
#define SI_MESGQ (-3)
#define SI_QUEUE (-1)
#define SI_SIGIO (-5)
#define SI_TIMER (-2)
#define SI_TKILL (-6)
#define SI_USER 0
#define SKIP_STDINT_WORKAROUND 
#define SSIZE_MAX LONG_MAX
#define SS_AUTODISARM (1U << 31)
#define SS_DISABLE 2
#define SS_FLAG_BITS SS_AUTODISARM
#define SS_ONSTACK 1
#define STATUS_HILITES 
#define STDC_Pragma_AVAILABLE 
#define STDERR_FILENO 2
#define STDIN_FILENO 0
#define STDOUT_FILENO 1
#define SUSPEND 
#define SVR4 
#define SYMBOLS "symbols"
#define SYMLOOP_MAX 40
#define SYSCF 1
#define SYSCF_FILE "/sysconf"
#define SYSV 
#define SYS_SECCOMP 1
#define SYS_USER_DISPATCH 2
#define Sprintf (void) sprintf
#define Strcat (void) strcat
#define Strcpy (void) strcpy
#define Strlen(s) Strlen_(s,__func__,__LINE__)
#define TBUFSZ 300
#define TERMINFO 
#define TIMER_ABSTIME 1
#define TIME_UTC 1
#define TMP_MAX 10000
#define TRADSTDC_H 
#define TRAP_BRANCH 3
#define TRAP_BRKPT 1
#define TRAP_HWBKPT 4
#define TRAP_TRACE 2
#define TRAP_UNK 5
#define TRIBUTEFILE "tribute"
#define TRUE ((boolean) 1)
#define TTY_NAME_MAX 32
#define TZNAME_MAX 16
#define UCHAR_MAX (__SCHAR_MAX__*2 +1)
#define UCHAR_P int
#define UINT16_C __UINT16_C
#define UINT16_MAX __UINT16_MAX__
#define UINT32_C __UINT32_C
#define UINT32_MAX __UINT32_MAX__
#define UINT64_C __UINT64_C
#define UINT64_MAX __UINT64_MAX__
#define UINT8_C __UINT8_C
#define UINT8_MAX __UINT8_MAX__
#define UINTMAX_C __UINTMAX_C
#define UINTMAX_MAX __UINTMAX_MAX__
#define UINTPTR_MAX __UINTPTR_MAX__
#define UINT_FAST16_MAX __UINT_FAST16_MAX__
#define UINT_FAST32_MAX __UINT_FAST32_MAX__
#define UINT_FAST64_MAX __UINT_FAST64_MAX__
#define UINT_FAST8_MAX __UINT_FAST8_MAX__
#define UINT_LEAST16_MAX __UINT_LEAST16_MAX__
#define UINT_LEAST32_MAX __UINT_LEAST32_MAX__
#define UINT_LEAST64_MAX __UINT_LEAST64_MAX__
#define UINT_LEAST8_MAX __UINT_LEAST8_MAX__
#define UINT_MAX (__INT_MAX__ *2U +1U)
#define ULLONG_MAX (__LONG_LONG_MAX__*2ULL+1ULL)
#define ULONG_LONG_MAX (__LONG_LONG_MAX__*2ULL+1ULL)
#define ULONG_MAX (__LONG_MAX__ *2UL+1UL)
#define UNIX 
#define UNIXCONF_H 
#define UNUSED __attribute__((unused))
#define USAGEHELP "usagehlp"
#define USE_FCNTL 
#define USE_ISAAC64 
#define USE_STDARG 
#define USHRT_MAX (__SHRT_MAX__ * 2 + 1)
#define VERSION_MAJOR 5
#define VERSION_MINOR 0
#define WARNINGS_H 
#define WCHAR_MAX __WCHAR_MAX__
#define WCHAR_MIN (-1-__WCHAR_MAX__)
#define WCONTINUED 8
#define WCOREDUMP(s) ((s) & 0x80)
#define WEXITED 4
#define WEXITSTATUS(s) (((s) & 0xff00) >> 8)
#define WIDENED_PROTOTYPES 
#define WIFCONTINUED(s) ((s) == 0xffff)
#define WIFEXITED(s) (!WTERMSIG(s))
#define WIFSIGNALED(s) (((s)&0xffff)-1U < 0xffu)
#define WIFSTOPPED(s) ((short)((((s)&0xffff)*0x10001U)>>8) > 0x7f00)
#define WINT_MAX __WINT_MAX__
#define WINT_MIN (-1-__WINT_MAX__)
#define WIZARD_NAME "wizard"
#define WNOHANG 1
#define WNOWAIT 0x1000000
#define WORD_BIT 32
#define WRBMODE "w+"
#define WRTMODE "w+"
#define WSTOPPED 2
#define WSTOPSIG(s) WEXITSTATUS(s)
#define WTERMSIG(s) ((s) & 0x7f)
#define WUNTRACED 2
#define W_OK 2
#define XCHAR_P int
#define XLOGFILE "xlogfile"
#define X_OK 1
#define _ALLOCA_H 
#define _BSD_SOURCE 1
#define _COMPAT_STDARG_H 
#define _COMPAT_STDLIB_H 
#define _COMPAT_STRING_H 
#define _COMPAT_TIME_H 
#define _CS_GNU_LIBC_VERSION 2
#define _CS_GNU_LIBPTHREAD_VERSION 3
#define _CS_PATH 0
#define _CS_POSIX_V5_WIDTH_RESTRICTED_ENVS 4
#define _CS_POSIX_V6_ILP32_OFF32_CFLAGS 1116
#define _CS_POSIX_V6_ILP32_OFF32_LDFLAGS 1117
#define _CS_POSIX_V6_ILP32_OFF32_LIBS 1118
#define _CS_POSIX_V6_ILP32_OFF32_LINTFLAGS 1119
#define _CS_POSIX_V6_ILP32_OFFBIG_CFLAGS 1120
#define _CS_POSIX_V6_ILP32_OFFBIG_LDFLAGS 1121
#define _CS_POSIX_V6_ILP32_OFFBIG_LIBS 1122
#define _CS_POSIX_V6_ILP32_OFFBIG_LINTFLAGS 1123
#define _CS_POSIX_V6_LP64_OFF64_CFLAGS 1124
#define _CS_POSIX_V6_LP64_OFF64_LDFLAGS 1125
#define _CS_POSIX_V6_LP64_OFF64_LIBS 1126
#define _CS_POSIX_V6_LP64_OFF64_LINTFLAGS 1127
#define _CS_POSIX_V6_LPBIG_OFFBIG_CFLAGS 1128
#define _CS_POSIX_V6_LPBIG_OFFBIG_LDFLAGS 1129
#define _CS_POSIX_V6_LPBIG_OFFBIG_LIBS 1130
#define _CS_POSIX_V6_LPBIG_OFFBIG_LINTFLAGS 1131
#define _CS_POSIX_V6_WIDTH_RESTRICTED_ENVS 1
#define _CS_POSIX_V7_ILP32_OFF32_CFLAGS 1132
#define _CS_POSIX_V7_ILP32_OFF32_LDFLAGS 1133
#define _CS_POSIX_V7_ILP32_OFF32_LIBS 1134
#define _CS_POSIX_V7_ILP32_OFF32_LINTFLAGS 1135
#define _CS_POSIX_V7_ILP32_OFFBIG_CFLAGS 1136
#define _CS_POSIX_V7_ILP32_OFFBIG_LDFLAGS 1137
#define _CS_POSIX_V7_ILP32_OFFBIG_LIBS 1138
#define _CS_POSIX_V7_ILP32_OFFBIG_LINTFLAGS 1139
#define _CS_POSIX_V7_LP64_OFF64_CFLAGS 1140
#define _CS_POSIX_V7_LP64_OFF64_LDFLAGS 1141
#define _CS_POSIX_V7_LP64_OFF64_LIBS 1142
#define _CS_POSIX_V7_LP64_OFF64_LINTFLAGS 1143
#define _CS_POSIX_V7_LPBIG_OFFBIG_CFLAGS 1144
#define _CS_POSIX_V7_LPBIG_OFFBIG_LDFLAGS 1145
#define _CS_POSIX_V7_LPBIG_OFFBIG_LIBS 1146
#define _CS_POSIX_V7_LPBIG_OFFBIG_LINTFLAGS 1147
#define _CS_POSIX_V7_THREADS_CFLAGS 1150
#define _CS_POSIX_V7_THREADS_LDFLAGS 1151
#define _CS_POSIX_V7_WIDTH_RESTRICTED_ENVS 5
#define _CS_V6_ENV 1148
#define _CS_V7_ENV 1149
#define _CTYPE_H 
#define _FEATURES_H 
#define _GCC_LIMITS_H_ 
#define _ILP32 1
#define _INTTYPES_H 
#define _IOFBF 0
#define _IOLBF 1
#define _IONBF 2
#define _LIMITS_H 
#define _NSIG 65
#define _PC_2_SYMLINKS 20
#define _PC_ALLOC_SIZE_MIN 18
#define _PC_ASYNC_IO 10
#define _PC_CHOWN_RESTRICTED 6
#define _PC_FILESIZEBITS 13
#define _PC_LINK_MAX 0
#define _PC_MAX_CANON 1
#define _PC_MAX_INPUT 2
#define _PC_NAME_MAX 3
#define _PC_NO_TRUNC 7
#define _PC_PATH_MAX 4
#define _PC_PIPE_BUF 5
#define _PC_PRIO_IO 11
#define _PC_REC_INCR_XFER_SIZE 14
#define _PC_REC_MAX_XFER_SIZE 15
#define _PC_REC_MIN_XFER_SIZE 16
#define _PC_REC_XFER_ALIGN 17
#define _PC_SOCK_MAXBUF 12
#define _PC_SYMLINK_MAX 19
#define _PC_SYNC_IO 9
#define _PC_VDISABLE 8
#define _POSIX2_BC_BASE_MAX 99
#define _POSIX2_BC_DIM_MAX 2048
#define _POSIX2_BC_SCALE_MAX 99
#define _POSIX2_BC_STRING_MAX 1000
#define _POSIX2_CHARCLASS_NAME_MAX 14
#define _POSIX2_COLL_WEIGHTS_MAX 2
#define _POSIX2_C_BIND _POSIX_VERSION
#define _POSIX2_EXPR_NEST_MAX 32
#define _POSIX2_LINE_MAX 2048
#define _POSIX2_RE_DUP_MAX 255
#define _POSIX2_VERSION _POSIX_VERSION
#define _POSIX_ADVISORY_INFO _POSIX_VERSION
#define _POSIX_AIO_LISTIO_MAX 2
#define _POSIX_AIO_MAX 1
#define _POSIX_ARG_MAX 4096
#define _POSIX_ASYNCHRONOUS_IO _POSIX_VERSION
#define _POSIX_BARRIERS _POSIX_VERSION
#define _POSIX_CHILD_MAX 25
#define _POSIX_CHOWN_RESTRICTED 1
#define _POSIX_CLOCKRES_MIN 20000000
#define _POSIX_CLOCK_SELECTION _POSIX_VERSION
#define _POSIX_CPUTIME _POSIX_VERSION
#define _POSIX_DELAYTIMER_MAX 32
#define _POSIX_FSYNC _POSIX_VERSION
#define _POSIX_HOST_NAME_MAX 255
#define _POSIX_IPV6 _POSIX_VERSION
#define _POSIX_JOB_CONTROL 1
#define _POSIX_LINK_MAX 8
#define _POSIX_LOGIN_NAME_MAX 9
#define _POSIX_MAPPED_FILES _POSIX_VERSION
#define _POSIX_MAX_CANON 255
#define _POSIX_MAX_INPUT 255
#define _POSIX_MEMLOCK _POSIX_VERSION
#define _POSIX_MEMLOCK_RANGE _POSIX_VERSION
#define _POSIX_MEMORY_PROTECTION _POSIX_VERSION
#define _POSIX_MESSAGE_PASSING _POSIX_VERSION
#define _POSIX_MONOTONIC_CLOCK _POSIX_VERSION
#define _POSIX_MQ_OPEN_MAX 8
#define _POSIX_MQ_PRIO_MAX 32
#define _POSIX_NAME_MAX 14
#define _POSIX_NGROUPS_MAX 8
#define _POSIX_NO_TRUNC 1
#define _POSIX_OPEN_MAX 20
#define _POSIX_PATH_MAX 256
#define _POSIX_PIPE_BUF 512
#define _POSIX_RAW_SOCKETS _POSIX_VERSION
#define _POSIX_READER_WRITER_LOCKS _POSIX_VERSION
#define _POSIX_REALTIME_SIGNALS -1
#define _POSIX_REGEXP 1
#define _POSIX_RE_DUP_MAX 255
#define _POSIX_RTSIG_MAX 8
#define _POSIX_SAVED_IDS 1
#define _POSIX_SEMAPHORES _POSIX_VERSION
#define _POSIX_SEM_NSEMS_MAX 256
#define _POSIX_SEM_VALUE_MAX 32767
#define _POSIX_SHELL 1
#define _POSIX_SIGQUEUE_MAX 32
#define _POSIX_SPAWN -1
#define _POSIX_SPIN_LOCKS _POSIX_VERSION
#define _POSIX_SSIZE_MAX 32767
#define _POSIX_SS_REPL_MAX 4
#define _POSIX_STREAM_MAX 8
#define _POSIX_SYMLINK_MAX 255
#define _POSIX_SYMLOOP_MAX 8
#define _POSIX_THREADS -1
#define _POSIX_THREAD_ATTR_STACKADDR _POSIX_VERSION
#define _POSIX_THREAD_ATTR_STACKSIZE _POSIX_VERSION
#define _POSIX_THREAD_CPUTIME -1
#define _POSIX_THREAD_DESTRUCTOR_ITERATIONS 4
#define _POSIX_THREAD_KEYS_MAX 128
#define _POSIX_THREAD_PRIORITY_SCHEDULING _POSIX_VERSION
#define _POSIX_THREAD_PROCESS_SHARED -1
#define _POSIX_THREAD_SAFE_FUNCTIONS _POSIX_VERSION
#define _POSIX_THREAD_THREADS_MAX 64
#define _POSIX_TIMEOUTS _POSIX_VERSION
#define _POSIX_TIMERS _POSIX_VERSION
#define _POSIX_TIMER_MAX 32
#define _POSIX_TRACE_EVENT_NAME_MAX 30
#define _POSIX_TRACE_NAME_MAX 8
#define _POSIX_TRACE_SYS_MAX 8
#define _POSIX_TRACE_USER_EVENT_MAX 32
#define _POSIX_TTY_NAME_MAX 9
#define _POSIX_TZNAME_MAX 6
#define _POSIX_V6_ILP32_OFFBIG 1
#define _POSIX_V7_ILP32_OFFBIG 1
#define _POSIX_VDISABLE 0
#define _POSIX_VERSION 200809L
#define _PTRDIFF_T 
#define _SC_2_CHAR_TERM 95
#define _SC_2_C_BIND 47
#define _SC_2_C_DEV 48
#define _SC_2_FORT_DEV 49
#define _SC_2_FORT_RUN 50
#define _SC_2_LOCALEDEF 52
#define _SC_2_PBS 168
#define _SC_2_PBS_ACCOUNTING 169
#define _SC_2_PBS_CHECKPOINT 175
#define _SC_2_PBS_LOCATE 170
#define _SC_2_PBS_MESSAGE 171
#define _SC_2_PBS_TRACK 172
#define _SC_2_SW_DEV 51
#define _SC_2_UPE 97
#define _SC_2_VERSION 46
#define _SC_ADVISORY_INFO 132
#define _SC_AIO_LISTIO_MAX 23
#define _SC_AIO_MAX 24
#define _SC_AIO_PRIO_DELTA_MAX 25
#define _SC_ARG_MAX 0
#define _SC_ASYNCHRONOUS_IO 12
#define _SC_ATEXIT_MAX 87
#define _SC_AVPHYS_PAGES 86
#define _SC_BARRIERS 133
#define _SC_BC_BASE_MAX 36
#define _SC_BC_DIM_MAX 37
#define _SC_BC_SCALE_MAX 38
#define _SC_BC_STRING_MAX 39
#define _SC_CHILD_MAX 1
#define _SC_CLK_TCK 2
#define _SC_CLOCK_SELECTION 137
#define _SC_COLL_WEIGHTS_MAX 40
#define _SC_CPUTIME 138
#define _SC_DELAYTIMER_MAX 26
#define _SC_EXPR_NEST_MAX 42
#define _SC_FSYNC 15
#define _SC_GETGR_R_SIZE_MAX 69
#define _SC_GETPW_R_SIZE_MAX 70
#define _SC_HOST_NAME_MAX 180
#define _SC_IOV_MAX 60
#define _SC_IPV6 235
#define _SC_JOB_CONTROL 7
#define _SC_LINE_MAX 43
#define _SC_LOGIN_NAME_MAX 71
#define _SC_MAPPED_FILES 16
#define _SC_MEMLOCK 17
#define _SC_MEMLOCK_RANGE 18
#define _SC_MEMORY_PROTECTION 19
#define _SC_MESSAGE_PASSING 20
#define _SC_MINSIGSTKSZ 249
#define _SC_MONOTONIC_CLOCK 149
#define _SC_MQ_OPEN_MAX 27
#define _SC_MQ_PRIO_MAX 28
#define _SC_NGROUPS_MAX 3
#define _SC_NPROCESSORS_CONF 83
#define _SC_NPROCESSORS_ONLN 84
#define _SC_NZERO 109
#define _SC_OPEN_MAX 4
#define _SC_PAGESIZE 30
#define _SC_PAGE_SIZE 30
#define _SC_PASS_MAX 88
#define _SC_PHYS_PAGES 85
#define _SC_PRIORITIZED_IO 13
#define _SC_PRIORITY_SCHEDULING 10
#define _SC_RAW_SOCKETS 236
#define _SC_READER_WRITER_LOCKS 153
#define _SC_REALTIME_SIGNALS 9
#define _SC_REGEXP 155
#define _SC_RE_DUP_MAX 44
#define _SC_RTSIG_MAX 31
#define _SC_SAVED_IDS 8
#define _SC_SEMAPHORES 21
#define _SC_SEM_NSEMS_MAX 32
#define _SC_SEM_VALUE_MAX 33
#define _SC_SHARED_MEMORY_OBJECTS 22
#define _SC_SHELL 157
#define _SC_SIGQUEUE_MAX 34
#define _SC_SIGSTKSZ 250
#define _SC_SPAWN 159
#define _SC_SPIN_LOCKS 154
#define _SC_SPORADIC_SERVER 160
#define _SC_SS_REPL_MAX 241
#define _SC_STREAMS 174
#define _SC_STREAM_MAX 5
#define _SC_SYMLOOP_MAX 173
#define _SC_SYNCHRONIZED_IO 14
#define _SC_THREADS 67
#define _SC_THREAD_ATTR_STACKADDR 77
#define _SC_THREAD_ATTR_STACKSIZE 78
#define _SC_THREAD_CPUTIME 139
#define _SC_THREAD_DESTRUCTOR_ITERATIONS 73
#define _SC_THREAD_KEYS_MAX 74
#define _SC_THREAD_PRIORITY_SCHEDULING 79
#define _SC_THREAD_PRIO_INHERIT 80
#define _SC_THREAD_PRIO_PROTECT 81
#define _SC_THREAD_PROCESS_SHARED 82
#define _SC_THREAD_ROBUST_PRIO_INHERIT 247
#define _SC_THREAD_ROBUST_PRIO_PROTECT 248
#define _SC_THREAD_SAFE_FUNCTIONS 68
#define _SC_THREAD_SPORADIC_SERVER 161
#define _SC_THREAD_STACK_MIN 75
#define _SC_THREAD_THREADS_MAX 76
#define _SC_TIMEOUTS 164
#define _SC_TIMERS 11
#define _SC_TIMER_MAX 35
#define _SC_TRACE 181
#define _SC_TRACE_EVENT_FILTER 182
#define _SC_TRACE_EVENT_NAME_MAX 242
#define _SC_TRACE_INHERIT 183
#define _SC_TRACE_LOG 184
#define _SC_TRACE_NAME_MAX 243
#define _SC_TRACE_SYS_MAX 244
#define _SC_TRACE_USER_EVENT_MAX 245
#define _SC_TTY_NAME_MAX 72
#define _SC_TYPED_MEMORY_OBJECTS 165
#define _SC_TZNAME_MAX 6
#define _SC_UIO_MAXIOV 60
#define _SC_V6_ILP32_OFF32 176
#define _SC_V6_ILP32_OFFBIG 177
#define _SC_V6_LP64_OFF64 178
#define _SC_V6_LPBIG_OFFBIG 179
#define _SC_V7_ILP32_OFF32 237
#define _SC_V7_ILP32_OFFBIG 238
#define _SC_V7_LP64_OFF64 239
#define _SC_V7_LPBIG_OFFBIG 240
#define _SC_VERSION 29
#define _SC_XBS5_ILP32_OFF32 125
#define _SC_XBS5_ILP32_OFFBIG 126
#define _SC_XBS5_LP64_OFF64 127
#define _SC_XBS5_LPBIG_OFFBIG 128
#define _SC_XOPEN_CRYPT 92
#define _SC_XOPEN_ENH_I18N 93
#define _SC_XOPEN_LEGACY 129
#define _SC_XOPEN_REALTIME 130
#define _SC_XOPEN_REALTIME_THREADS 131
#define _SC_XOPEN_SHM 94
#define _SC_XOPEN_STREAMS 246
#define _SC_XOPEN_UNIX 91
#define _SC_XOPEN_VERSION 89
#define _SC_XOPEN_XCU_VERSION 90
#define _SC_XOPEN_XPG2 98
#define _SC_XOPEN_XPG3 99
#define _SC_XOPEN_XPG4 100
#define _SIGNAL_H 
#define _SIZE_T 
#define _STDINT_H 
#define _STDIO_H 
#define _STDLIB_H 
#define _STRINGS_H 
#define _STRING_H 
#define _SYS_RESOURCE_H 
#define _SYS_SELECT_H 
#define _SYS_TIME_H 
#define _SYS_WAIT_H 
#define _TIME_H 
#define _UNISTD_H 
#define _VA_LIST 
#define _WCHAR_T 
#define _XOPEN_ENH_I18N 1
#define _XOPEN_IOV_MAX 16
#define _XOPEN_NAME_MAX 255
#define _XOPEN_PATH_MAX 1024
#define _XOPEN_SOURCE 700
#define _XOPEN_UNIX 1
#define _XOPEN_VERSION 700
#define __ATOMIC_ACQUIRE 2
#define __ATOMIC_ACQ_REL 4
#define __ATOMIC_CONSUME 1
#define __ATOMIC_RELAXED 0
#define __ATOMIC_RELEASE 3
#define __ATOMIC_SEQ_CST 5
#define __BIGGEST_ALIGNMENT__ 16
#define __BIG_ENDIAN 4321
#define __BITINT_MAXWIDTH__ 128
#define __BOOL_WIDTH__ 1
#define __BYTE_ORDER 1234
#define __BYTE_ORDER__ __ORDER_LITTLE_ENDIAN__
#define __CHAR16_TYPE__ unsigned short
#define __CHAR32_TYPE__ unsigned int
#define __CHAR_BIT__ 8
#define __CLANG_ATOMIC_BOOL_LOCK_FREE 2
#define __CLANG_ATOMIC_CHAR16_T_LOCK_FREE 2
#define __CLANG_ATOMIC_CHAR32_T_LOCK_FREE 2
#define __CLANG_ATOMIC_CHAR_LOCK_FREE 2
#define __CLANG_ATOMIC_INT_LOCK_FREE 2
#define __CLANG_ATOMIC_LLONG_LOCK_FREE 2
#define __CLANG_ATOMIC_LONG_LOCK_FREE 2
#define __CLANG_ATOMIC_POINTER_LOCK_FREE 2
#define __CLANG_ATOMIC_SHORT_LOCK_FREE 2
#define __CLANG_ATOMIC_WCHAR_T_LOCK_FREE 2
#define __CLANG_INTTYPES_H 
#define __CLANG_LIMITS_H 
#define __CLANG_MAX_ALIGN_T_DEFINED 
#define __CLANG_STDINT_H 
#define __CONSTANT_CFSTRINGS__ 1
#define __DBL_DECIMAL_DIG__ 17
#define __DBL_DENORM_MIN__ 4.9406564584124654e-324
#define __DBL_DIG__ 15
#define __DBL_EPSILON__ 2.2204460492503131e-16
#define __DBL_HAS_DENORM__ 1
#define __DBL_HAS_INFINITY__ 1
#define __DBL_HAS_QUIET_NAN__ 1
#define __DBL_MANT_DIG__ 53
#define __DBL_MAX_10_EXP__ 308
#define __DBL_MAX_EXP__ 1024
#define __DBL_MAX__ 1.7976931348623157e+308
#define __DBL_MIN_10_EXP__ (-307)
#define __DBL_MIN_EXP__ (-1021)
#define __DBL_MIN__ 2.2250738585072014e-308
#define __DBL_NORM_MAX__ 1.7976931348623157e+308
#define __DECIMAL_DIG__ __LDBL_DECIMAL_DIG__
#define __DEFINED_FILE 
#define __DEFINED___isoc_va_list 
#define __DEFINED_clock_t 
#define __DEFINED_clockid_t 
#define __DEFINED_gid_t 
#define __DEFINED_id_t 
#define __DEFINED_int16_t 
#define __DEFINED_int32_t 
#define __DEFINED_int64_t 
#define __DEFINED_int8_t 
#define __DEFINED_intmax_t 
#define __DEFINED_intptr_t 
#define __DEFINED_locale_t 
#define __DEFINED_off_t 
#define __DEFINED_pid_t 
#define __DEFINED_pthread_attr_t 
#define __DEFINED_pthread_t 
#define __DEFINED_sigset_t 
#define __DEFINED_size_t 
#define __DEFINED_ssize_t 
#define __DEFINED_struct_timespec 
#define __DEFINED_struct_timeval 
#define __DEFINED_suseconds_t 
#define __DEFINED_time_t 
#define __DEFINED_timer_t 
#define __DEFINED_uid_t 
#define __DEFINED_uint16_t 
#define __DEFINED_uint32_t 
#define __DEFINED_uint64_t 
#define __DEFINED_uint8_t 
#define __DEFINED_uintmax_t 
#define __DEFINED_uintptr_t 
#define __DEFINED_useconds_t 
#define __DEFINED_va_list 
#define __DEFINED_wchar_t 
#define __EMSCRIPTEN__ 1
#define __FINITE_MATH_ONLY__ 0
#define __FLOAT128__ 1
#define __FLT_DECIMAL_DIG__ 9
#define __FLT_DENORM_MIN__ 1.40129846e-45F
#define __FLT_DIG__ 6
#define __FLT_EPSILON__ 1.19209290e-7F
#define __FLT_HAS_DENORM__ 1
#define __FLT_HAS_INFINITY__ 1
#define __FLT_HAS_QUIET_NAN__ 1
#define __FLT_MANT_DIG__ 24
#define __FLT_MAX_10_EXP__ 38
#define __FLT_MAX_EXP__ 128
#define __FLT_MAX__ 3.40282347e+38F
#define __FLT_MIN_10_EXP__ (-37)
#define __FLT_MIN_EXP__ (-125)
#define __FLT_MIN__ 1.17549435e-38F
#define __FLT_NORM_MAX__ 3.40282347e+38F
#define __FLT_RADIX__ 2
#define __FPCLASS_NEGINF 0x0004
#define __FPCLASS_NEGNORMAL 0x0008
#define __FPCLASS_NEGSUBNORMAL 0x0010
#define __FPCLASS_NEGZERO 0x0020
#define __FPCLASS_POSINF 0x0200
#define __FPCLASS_POSNORMAL 0x0100
#define __FPCLASS_POSSUBNORMAL 0x0080
#define __FPCLASS_POSZERO 0x0040
#define __FPCLASS_QNAN 0x0002
#define __FPCLASS_SNAN 0x0001
#define __GCC_ATOMIC_BOOL_LOCK_FREE 2
#define __GCC_ATOMIC_CHAR16_T_LOCK_FREE 2
#define __GCC_ATOMIC_CHAR32_T_LOCK_FREE 2
#define __GCC_ATOMIC_CHAR_LOCK_FREE 2
#define __GCC_ATOMIC_INT_LOCK_FREE 2
#define __GCC_ATOMIC_LLONG_LOCK_FREE 2
#define __GCC_ATOMIC_LONG_LOCK_FREE 2
#define __GCC_ATOMIC_POINTER_LOCK_FREE 2
#define __GCC_ATOMIC_SHORT_LOCK_FREE 2
#define __GCC_ATOMIC_TEST_AND_SET_TRUEVAL 1
#define __GCC_ATOMIC_WCHAR_T_LOCK_FREE 2
#define __GCC_CONSTRUCTIVE_SIZE 64
#define __GCC_DESTRUCTIVE_SIZE 64
#define __GCC_HAVE_SYNC_COMPARE_AND_SWAP_1 1
#define __GCC_HAVE_SYNC_COMPARE_AND_SWAP_2 1
#define __GCC_HAVE_SYNC_COMPARE_AND_SWAP_4 1
#define __GCC_HAVE_SYNC_COMPARE_AND_SWAP_8 1
#define __GNUC_MINOR__ 2
#define __GNUC_PATCHLEVEL__ 1
#define __GNUC_STDC_INLINE__ 1
#define __GNUC_VA_LIST 
#define __GNUC__ 4
#define __GXX_ABI_VERSION 1002
#define __ILP32__ 1
#define __INT16_C(c) c
#define __INT16_C_SUFFIX__ 
#define __INT16_FMTd__ "hd"
#define __INT16_FMTi__ "hi"
#define __INT16_MAX__ 32767
#define __INT16_TYPE__ short
#define __INT32_C(c) c
#define __INT32_C_SUFFIX__ 
#define __INT32_FMTd__ "d"
#define __INT32_FMTi__ "i"
#define __INT32_MAX__ 2147483647
#define __INT32_TYPE__ int
#define __INT64_C(c) c##LL
#define __INT64_C_SUFFIX__ LL
#define __INT64_FMTd__ "lld"
#define __INT64_FMTi__ "lli"
#define __INT64_MAX__ 9223372036854775807LL
#define __INT64_TYPE__ long long int
#define __INT8_C(c) c
#define __INT8_C_SUFFIX__ 
#define __INT8_FMTd__ "hhd"
#define __INT8_FMTi__ "hhi"
#define __INT8_MAX__ 127
#define __INT8_TYPE__ signed char
#define __INTMAX_C(c) c##LL
#define __INTMAX_C_SUFFIX__ LL
#define __INTMAX_FMTd__ "lld"
#define __INTMAX_FMTi__ "lli"
#define __INTMAX_MAX__ 9223372036854775807LL
#define __INTMAX_TYPE__ long long int
#define __INTMAX_WIDTH__ 64
#define __INTPTR_FMTd__ "ld"
#define __INTPTR_FMTi__ "li"
#define __INTPTR_MAX__ 2147483647L
#define __INTPTR_TYPE__ long int
#define __INTPTR_WIDTH__ 32
#define __INT_FAST16_FMTd__ "hd"
#define __INT_FAST16_FMTi__ "hi"
#define __INT_FAST16_MAX__ 32767
#define __INT_FAST16_TYPE__ short
#define __INT_FAST16_WIDTH__ 16
#define __INT_FAST32_FMTd__ "d"
#define __INT_FAST32_FMTi__ "i"
#define __INT_FAST32_MAX__ 2147483647
#define __INT_FAST32_TYPE__ int
#define __INT_FAST32_WIDTH__ 32
#define __INT_FAST64_FMTd__ "lld"
#define __INT_FAST64_FMTi__ "lli"
#define __INT_FAST64_MAX__ 9223372036854775807LL
#define __INT_FAST64_TYPE__ long long int
#define __INT_FAST64_WIDTH__ 64
#define __INT_FAST8_FMTd__ "hhd"
#define __INT_FAST8_FMTi__ "hhi"
#define __INT_FAST8_MAX__ 127
#define __INT_FAST8_TYPE__ signed char
#define __INT_FAST8_WIDTH__ 8
#define __INT_LEAST16_FMTd__ "hd"
#define __INT_LEAST16_FMTi__ "hi"
#define __INT_LEAST16_MAX__ 32767
#define __INT_LEAST16_TYPE__ short
#define __INT_LEAST16_WIDTH__ 16
#define __INT_LEAST32_FMTd__ "d"
#define __INT_LEAST32_FMTi__ "i"
#define __INT_LEAST32_MAX__ 2147483647
#define __INT_LEAST32_TYPE__ int
#define __INT_LEAST32_WIDTH__ 32
#define __INT_LEAST64_FMTd__ "lld"
#define __INT_LEAST64_FMTi__ "lli"
#define __INT_LEAST64_MAX__ 9223372036854775807LL
#define __INT_LEAST64_TYPE__ long long int
#define __INT_LEAST64_WIDTH__ 64
#define __INT_LEAST8_FMTd__ "hhd"
#define __INT_LEAST8_FMTi__ "hhi"
#define __INT_LEAST8_MAX__ 127
#define __INT_LEAST8_TYPE__ signed char
#define __INT_LEAST8_WIDTH__ 8
#define __INT_MAX__ 2147483647
#define __INT_WIDTH__ 32
#define __LDBL_DECIMAL_DIG__ 36
#define __LDBL_DENORM_MIN__ 6.47517511943802511092443895822764655e-4966L
#define __LDBL_DIG__ 33
#define __LDBL_EPSILON__ 1.92592994438723585305597794258492732e-34L
#define __LDBL_HAS_DENORM__ 1
#define __LDBL_HAS_INFINITY__ 1
#define __LDBL_HAS_QUIET_NAN__ 1
#define __LDBL_MANT_DIG__ 113
#define __LDBL_MAX_10_EXP__ 4932
#define __LDBL_MAX_EXP__ 16384
#define __LDBL_MAX__ 1.18973149535723176508575932662800702e+4932L
#define __LDBL_MIN_10_EXP__ (-4931)
#define __LDBL_MIN_EXP__ (-16381)
#define __LDBL_MIN__ 3.36210314311209350626267781732175260e-4932L
#define __LDBL_NORM_MAX__ 1.18973149535723176508575932662800702e+4932L
#define __LITTLE_ENDIAN 1234
#define __LITTLE_ENDIAN__ 1
#define __LLONG_WIDTH__ 64
#define __LONG_LONG_MAX__ 9223372036854775807LL
#define __LONG_MAX __LONG_MAX__
#define __LONG_MAX__ 2147483647L
#define __LONG_WIDTH__ 32
#define __MEMORY_SCOPE_CLUSTR 5
#define __MEMORY_SCOPE_DEVICE 1
#define __MEMORY_SCOPE_SINGLE 4
#define __MEMORY_SCOPE_SYSTEM 0
#define __MEMORY_SCOPE_WRKGRP 2
#define __MEMORY_SCOPE_WVFRNT 3
#define __NEED_FILE 
#define __NEED___isoc_va_list 
#define __NEED_clock_t 
#define __NEED_clockid_t 
#define __NEED_gid_t 
#define __NEED_id_t 
#define __NEED_int16_t 
#define __NEED_int32_t 
#define __NEED_int64_t 
#define __NEED_int8_t 
#define __NEED_intmax_t 
#define __NEED_intptr_t 
#define __NEED_locale_t 
#define __NEED_off_t 
#define __NEED_pid_t 
#define __NEED_pthread_attr_t 
#define __NEED_pthread_t 
#define __NEED_sigset_t 
#define __NEED_size_t 
#define __NEED_ssize_t 
#define __NEED_struct_timespec 
#define __NEED_struct_timeval 
#define __NEED_suseconds_t 
#define __NEED_time_t 
#define __NEED_timer_t 
#define __NEED_uid_t 
#define __NEED_uint16_t 
#define __NEED_uint32_t 
#define __NEED_uint64_t 
#define __NEED_uint8_t 
#define __NEED_uintmax_t 
#define __NEED_uintptr_t 
#define __NEED_useconds_t 
#define __NEED_va_list 
#define __NEED_wchar_t 
#define __NO_MATH_ERRNO__ 1
#define __OBJC_BOOL_IS_BOOL 0
#define __OPENCL_MEMORY_SCOPE_ALL_SVM_DEVICES 3
#define __OPENCL_MEMORY_SCOPE_DEVICE 2
#define __OPENCL_MEMORY_SCOPE_SUB_GROUP 4
#define __OPENCL_MEMORY_SCOPE_WORK_GROUP 1
#define __OPENCL_MEMORY_SCOPE_WORK_ITEM 0
#define __OPTIMIZE__ 1
#define __ORDER_BIG_ENDIAN__ 4321
#define __ORDER_LITTLE_ENDIAN__ 1234
#define __ORDER_PDP_ENDIAN__ 3412
#define __POINTER_WIDTH__ 32
#define __PRAGMA_REDEFINE_EXTNAME 1
#define __PRI64 "ll"
#define __PRIPTR "l"
#define __PTRDIFF_FMTd__ "ld"
#define __PTRDIFF_FMTi__ "li"
#define __PTRDIFF_MAX__ 2147483647L
#define __PTRDIFF_TYPE__ long int
#define __PTRDIFF_WIDTH__ 32
#define __REDIR(x,y) __typeof__(x) x __asm__(#y)
#define __SCHAR_MAX__ 127
#define __SHRT_MAX__ 32767
#define __SHRT_WIDTH__ 16
#define __SIG_ATOMIC_MAX__ 2147483647L
#define __SIG_ATOMIC_MIN__ (-__SIG_ATOMIC_MAX__ - 1)
#define __SIG_ATOMIC_TYPE__ long int
#define __SIG_ATOMIC_WIDTH__ 32
#define __SIZEOF_DOUBLE__ 8
#define __SIZEOF_FLOAT__ 4
#define __SIZEOF_INT128__ 16
#define __SIZEOF_INT__ 4
#define __SIZEOF_LONG_DOUBLE__ 16
#define __SIZEOF_LONG_LONG__ 8
#define __SIZEOF_LONG__ 4
#define __SIZEOF_POINTER__ 4
#define __SIZEOF_PTRDIFF_T__ 4
#define __SIZEOF_SHORT__ 2
#define __SIZEOF_SIZE_T__ 4
#define __SIZEOF_WCHAR_T__ 4
#define __SIZEOF_WINT_T__ 4
#define __SIZE_FMTX__ "lX"
#define __SIZE_FMTo__ "lo"
#define __SIZE_FMTu__ "lu"
#define __SIZE_FMTx__ "lx"
#define __SIZE_MAX__ 4294967295UL
#define __SIZE_TYPE__ long unsigned int
#define __SIZE_WIDTH__ 32
#define __STDARG_H 
#define __STDC_EMBED_EMPTY__ 2
#define __STDC_EMBED_FOUND__ 1
#define __STDC_EMBED_NOT_FOUND__ 0
#define __STDC_HOSTED__ 1
#define __STDC_UTF_16__ 1
#define __STDC_UTF_32__ 1
#define __STDC_VERSION__ 201710L
#define __STDC__ 1
#define __STDDEF_H 
#define __UINT16_C(c) c
#define __UINT16_C_SUFFIX__ 
#define __UINT16_FMTX__ "hX"
#define __UINT16_FMTo__ "ho"
#define __UINT16_FMTu__ "hu"
#define __UINT16_FMTx__ "hx"
#define __UINT16_MAX__ 65535
#define __UINT16_TYPE__ unsigned short
#define __UINT32_C(c) c##U
#define __UINT32_C_SUFFIX__ U
#define __UINT32_FMTX__ "X"
#define __UINT32_FMTo__ "o"
#define __UINT32_FMTu__ "u"
#define __UINT32_FMTx__ "x"
#define __UINT32_MAX__ 4294967295U
#define __UINT32_TYPE__ unsigned int
#define __UINT64_C(c) c##ULL
#define __UINT64_C_SUFFIX__ ULL
#define __UINT64_FMTX__ "llX"
#define __UINT64_FMTo__ "llo"
#define __UINT64_FMTu__ "llu"
#define __UINT64_FMTx__ "llx"
#define __UINT64_MAX__ 18446744073709551615ULL
#define __UINT64_TYPE__ long long unsigned int
#define __UINT8_C(c) c
#define __UINT8_C_SUFFIX__ 
#define __UINT8_FMTX__ "hhX"
#define __UINT8_FMTo__ "hho"
#define __UINT8_FMTu__ "hhu"
#define __UINT8_FMTx__ "hhx"
#define __UINT8_MAX__ 255
#define __UINT8_TYPE__ unsigned char
#define __UINTMAX_C(c) c##ULL
#define __UINTMAX_C_SUFFIX__ ULL
#define __UINTMAX_FMTX__ "llX"
#define __UINTMAX_FMTo__ "llo"
#define __UINTMAX_FMTu__ "llu"
#define __UINTMAX_FMTx__ "llx"
#define __UINTMAX_MAX__ 18446744073709551615ULL
#define __UINTMAX_TYPE__ long long unsigned int
#define __UINTMAX_WIDTH__ 64
#define __UINTPTR_FMTX__ "lX"
#define __UINTPTR_FMTo__ "lo"
#define __UINTPTR_FMTu__ "lu"
#define __UINTPTR_FMTx__ "lx"
#define __UINTPTR_MAX__ 4294967295UL
#define __UINTPTR_TYPE__ long unsigned int
#define __UINTPTR_WIDTH__ 32
#define __UINT_FAST16_FMTX__ "hX"
#define __UINT_FAST16_FMTo__ "ho"
#define __UINT_FAST16_FMTu__ "hu"
#define __UINT_FAST16_FMTx__ "hx"
#define __UINT_FAST16_MAX__ 65535
#define __UINT_FAST16_TYPE__ unsigned short
#define __UINT_FAST32_FMTX__ "X"
#define __UINT_FAST32_FMTo__ "o"
#define __UINT_FAST32_FMTu__ "u"
#define __UINT_FAST32_FMTx__ "x"
#define __UINT_FAST32_MAX__ 4294967295U
#define __UINT_FAST32_TYPE__ unsigned int
#define __UINT_FAST64_FMTX__ "llX"
#define __UINT_FAST64_FMTo__ "llo"
#define __UINT_FAST64_FMTu__ "llu"
#define __UINT_FAST64_FMTx__ "llx"
#define __UINT_FAST64_MAX__ 18446744073709551615ULL
#define __UINT_FAST64_TYPE__ long long unsigned int
#define __UINT_FAST8_FMTX__ "hhX"
#define __UINT_FAST8_FMTo__ "hho"
#define __UINT_FAST8_FMTu__ "hhu"
#define __UINT_FAST8_FMTx__ "hhx"
#define __UINT_FAST8_MAX__ 255
#define __UINT_FAST8_TYPE__ unsigned char
#define __UINT_LEAST16_FMTX__ "hX"
#define __UINT_LEAST16_FMTo__ "ho"
#define __UINT_LEAST16_FMTu__ "hu"
#define __UINT_LEAST16_FMTx__ "hx"
#define __UINT_LEAST16_MAX__ 65535
#define __UINT_LEAST16_TYPE__ unsigned short
#define __UINT_LEAST32_FMTX__ "X"
#define __UINT_LEAST32_FMTo__ "o"
#define __UINT_LEAST32_FMTu__ "u"
#define __UINT_LEAST32_FMTx__ "x"
#define __UINT_LEAST32_MAX__ 4294967295U
#define __UINT_LEAST32_TYPE__ unsigned int
#define __UINT_LEAST64_FMTX__ "llX"
#define __UINT_LEAST64_FMTo__ "llo"
#define __UINT_LEAST64_FMTu__ "llu"
#define __UINT_LEAST64_FMTx__ "llx"
#define __UINT_LEAST64_MAX__ 18446744073709551615ULL
#define __UINT_LEAST64_TYPE__ long long unsigned int
#define __UINT_LEAST8_FMTX__ "hhX"
#define __UINT_LEAST8_FMTo__ "hho"
#define __UINT_LEAST8_FMTu__ "hhu"
#define __UINT_LEAST8_FMTx__ "hhx"
#define __UINT_LEAST8_MAX__ 255
#define __UINT_LEAST8_TYPE__ unsigned char
#define __USER_LABEL_PREFIX__ 
#define __USE_TIME_BITS64 1
#define __VERSION__ "Clang 24.0.0git (https:/github.com/llvm/llvm-project 4bfd08c2d769736841ae4f5705d76fa6daa39027)"
#define __WALL 0x40000000
#define __WASI_ADVICE_DONTNEED (UINT8_C(4))
#define __WASI_ADVICE_NOREUSE (UINT8_C(5))
#define __WASI_ADVICE_NORMAL (UINT8_C(0))
#define __WASI_ADVICE_RANDOM (UINT8_C(2))
#define __WASI_ADVICE_SEQUENTIAL (UINT8_C(1))
#define __WASI_ADVICE_WILLNEED (UINT8_C(3))
#define __WASI_CLOCKID_MONOTONIC (UINT32_C(1))
#define __WASI_CLOCKID_PROCESS_CPUTIME_ID (UINT32_C(2))
#define __WASI_CLOCKID_REALTIME (UINT32_C(0))
#define __WASI_CLOCKID_THREAD_CPUTIME_ID (UINT32_C(3))
#define __WASI_DIRCOOKIE_START (UINT64_C(0))
#define __WASI_ERRNO_2BIG (UINT16_C(1))
#define __WASI_ERRNO_ACCES (UINT16_C(2))
#define __WASI_ERRNO_ADDRINUSE (UINT16_C(3))
#define __WASI_ERRNO_ADDRNOTAVAIL (UINT16_C(4))
#define __WASI_ERRNO_AFNOSUPPORT (UINT16_C(5))
#define __WASI_ERRNO_AGAIN (UINT16_C(6))
#define __WASI_ERRNO_ALREADY (UINT16_C(7))
#define __WASI_ERRNO_BADF (UINT16_C(8))
#define __WASI_ERRNO_BADMSG (UINT16_C(9))
#define __WASI_ERRNO_BUSY (UINT16_C(10))
#define __WASI_ERRNO_CANCELED (UINT16_C(11))
#define __WASI_ERRNO_CHILD (UINT16_C(12))
#define __WASI_ERRNO_CONNABORTED (UINT16_C(13))
#define __WASI_ERRNO_CONNREFUSED (UINT16_C(14))
#define __WASI_ERRNO_CONNRESET (UINT16_C(15))
#define __WASI_ERRNO_DEADLK (UINT16_C(16))
#define __WASI_ERRNO_DESTADDRREQ (UINT16_C(17))
#define __WASI_ERRNO_DOM (UINT16_C(18))
#define __WASI_ERRNO_DQUOT (UINT16_C(19))
#define __WASI_ERRNO_EXIST (UINT16_C(20))
#define __WASI_ERRNO_FAULT (UINT16_C(21))
#define __WASI_ERRNO_FBIG (UINT16_C(22))
#define __WASI_ERRNO_HOSTUNREACH (UINT16_C(23))
#define __WASI_ERRNO_IDRM (UINT16_C(24))
#define __WASI_ERRNO_ILSEQ (UINT16_C(25))
#define __WASI_ERRNO_INPROGRESS (UINT16_C(26))
#define __WASI_ERRNO_INTR (UINT16_C(27))
#define __WASI_ERRNO_INVAL (UINT16_C(28))
#define __WASI_ERRNO_IO (UINT16_C(29))
#define __WASI_ERRNO_ISCONN (UINT16_C(30))
#define __WASI_ERRNO_ISDIR (UINT16_C(31))
#define __WASI_ERRNO_LOOP (UINT16_C(32))
#define __WASI_ERRNO_MFILE (UINT16_C(33))
#define __WASI_ERRNO_MLINK (UINT16_C(34))
#define __WASI_ERRNO_MSGSIZE (UINT16_C(35))
#define __WASI_ERRNO_MULTIHOP (UINT16_C(36))
#define __WASI_ERRNO_NAMETOOLONG (UINT16_C(37))
#define __WASI_ERRNO_NETDOWN (UINT16_C(38))
#define __WASI_ERRNO_NETRESET (UINT16_C(39))
#define __WASI_ERRNO_NETUNREACH (UINT16_C(40))
#define __WASI_ERRNO_NFILE (UINT16_C(41))
#define __WASI_ERRNO_NOBUFS (UINT16_C(42))
#define __WASI_ERRNO_NODEV (UINT16_C(43))
#define __WASI_ERRNO_NOENT (UINT16_C(44))
#define __WASI_ERRNO_NOEXEC (UINT16_C(45))
#define __WASI_ERRNO_NOLCK (UINT16_C(46))
#define __WASI_ERRNO_NOLINK (UINT16_C(47))
#define __WASI_ERRNO_NOMEM (UINT16_C(48))
#define __WASI_ERRNO_NOMSG (UINT16_C(49))
#define __WASI_ERRNO_NOPROTOOPT (UINT16_C(50))
#define __WASI_ERRNO_NOSPC (UINT16_C(51))
#define __WASI_ERRNO_NOSYS (UINT16_C(52))
#define __WASI_ERRNO_NOTCAPABLE (UINT16_C(76))
#define __WASI_ERRNO_NOTCONN (UINT16_C(53))
#define __WASI_ERRNO_NOTDIR (UINT16_C(54))
#define __WASI_ERRNO_NOTEMPTY (UINT16_C(55))
#define __WASI_ERRNO_NOTRECOVERABLE (UINT16_C(56))
#define __WASI_ERRNO_NOTSOCK (UINT16_C(57))
#define __WASI_ERRNO_NOTSUP (UINT16_C(58))
#define __WASI_ERRNO_NOTTY (UINT16_C(59))
#define __WASI_ERRNO_NXIO (UINT16_C(60))
#define __WASI_ERRNO_OVERFLOW (UINT16_C(61))
#define __WASI_ERRNO_OWNERDEAD (UINT16_C(62))
#define __WASI_ERRNO_PERM (UINT16_C(63))
#define __WASI_ERRNO_PIPE (UINT16_C(64))
#define __WASI_ERRNO_PROTO (UINT16_C(65))
#define __WASI_ERRNO_PROTONOSUPPORT (UINT16_C(66))
#define __WASI_ERRNO_PROTOTYPE (UINT16_C(67))
#define __WASI_ERRNO_RANGE (UINT16_C(68))
#define __WASI_ERRNO_ROFS (UINT16_C(69))
#define __WASI_ERRNO_SPIPE (UINT16_C(70))
#define __WASI_ERRNO_SRCH (UINT16_C(71))
#define __WASI_ERRNO_STALE (UINT16_C(72))
#define __WASI_ERRNO_SUCCESS (UINT16_C(0))
#define __WASI_ERRNO_TIMEDOUT (UINT16_C(73))
#define __WASI_ERRNO_TXTBSY (UINT16_C(74))
#define __WASI_ERRNO_XDEV (UINT16_C(75))
#define __WASI_EVENTRWFLAGS_FD_READWRITE_HANGUP (UINT16_C(1))
#define __WASI_EVENTTYPE_CLOCK (UINT8_C(0))
#define __WASI_EVENTTYPE_FD_READ (UINT8_C(1))
#define __WASI_EVENTTYPE_FD_WRITE (UINT8_C(2))
#define __WASI_FDFLAGS_APPEND (UINT16_C(1))
#define __WASI_FDFLAGS_DSYNC (UINT16_C(2))
#define __WASI_FDFLAGS_NONBLOCK (UINT16_C(4))
#define __WASI_FDFLAGS_RSYNC (UINT16_C(8))
#define __WASI_FDFLAGS_SYNC (UINT16_C(16))
#define __WASI_FILETYPE_BLOCK_DEVICE (UINT8_C(1))
#define __WASI_FILETYPE_CHARACTER_DEVICE (UINT8_C(2))
#define __WASI_FILETYPE_DIRECTORY (UINT8_C(3))
#define __WASI_FILETYPE_REGULAR_FILE (UINT8_C(4))
#define __WASI_FILETYPE_SOCKET_DGRAM (UINT8_C(5))
#define __WASI_FILETYPE_SOCKET_STREAM (UINT8_C(6))
#define __WASI_FILETYPE_SYMBOLIC_LINK (UINT8_C(7))
#define __WASI_FILETYPE_UNKNOWN (UINT8_C(0))
#define __WASI_FSTFLAGS_ATIM (UINT16_C(1))
#define __WASI_FSTFLAGS_ATIM_NOW (UINT16_C(2))
#define __WASI_FSTFLAGS_MTIM (UINT16_C(4))
#define __WASI_FSTFLAGS_MTIM_NOW (UINT16_C(8))
#define __WASI_LOOKUPFLAGS_SYMLINK_FOLLOW (UINT32_C(1))
#define __WASI_OFLAGS_CREAT (UINT16_C(1))
#define __WASI_OFLAGS_DIRECTORY (UINT16_C(2))
#define __WASI_OFLAGS_EXCL (UINT16_C(4))
#define __WASI_OFLAGS_TRUNC (UINT16_C(8))
#define __WASI_PREOPENTYPE_DIR (UINT8_C(0))
#define __WASI_RIFLAGS_RECV_PEEK (UINT16_C(1))
#define __WASI_RIFLAGS_RECV_WAITALL (UINT16_C(2))
#define __WASI_RIGHTS_FD_ADVISE (UINT64_C(128))
#define __WASI_RIGHTS_FD_ALLOCATE (UINT64_C(256))
#define __WASI_RIGHTS_FD_DATASYNC (UINT64_C(1))
#define __WASI_RIGHTS_FD_FDSTAT_SET_FLAGS (UINT64_C(8))
#define __WASI_RIGHTS_FD_FILESTAT_GET (UINT64_C(2097152))
#define __WASI_RIGHTS_FD_FILESTAT_SET_SIZE (UINT64_C(4194304))
#define __WASI_RIGHTS_FD_FILESTAT_SET_TIMES (UINT64_C(8388608))
#define __WASI_RIGHTS_FD_READ (UINT64_C(2))
#define __WASI_RIGHTS_FD_READDIR (UINT64_C(16384))
#define __WASI_RIGHTS_FD_SEEK (UINT64_C(4))
#define __WASI_RIGHTS_FD_SYNC (UINT64_C(16))
#define __WASI_RIGHTS_FD_TELL (UINT64_C(32))
#define __WASI_RIGHTS_FD_WRITE (UINT64_C(64))
#define __WASI_RIGHTS_PATH_CREATE_DIRECTORY (UINT64_C(512))
#define __WASI_RIGHTS_PATH_CREATE_FILE (UINT64_C(1024))
#define __WASI_RIGHTS_PATH_FILESTAT_GET (UINT64_C(262144))
#define __WASI_RIGHTS_PATH_FILESTAT_SET_SIZE (UINT64_C(524288))
#define __WASI_RIGHTS_PATH_FILESTAT_SET_TIMES (UINT64_C(1048576))
#define __WASI_RIGHTS_PATH_LINK_SOURCE (UINT64_C(2048))
#define __WASI_RIGHTS_PATH_LINK_TARGET (UINT64_C(4096))
#define __WASI_RIGHTS_PATH_OPEN (UINT64_C(8192))
#define __WASI_RIGHTS_PATH_READLINK (UINT64_C(32768))
#define __WASI_RIGHTS_PATH_REMOVE_DIRECTORY (UINT64_C(33554432))
#define __WASI_RIGHTS_PATH_RENAME_SOURCE (UINT64_C(65536))
#define __WASI_RIGHTS_PATH_RENAME_TARGET (UINT64_C(131072))
#define __WASI_RIGHTS_PATH_SYMLINK (UINT64_C(16777216))
#define __WASI_RIGHTS_PATH_UNLINK_FILE (UINT64_C(67108864))
#define __WASI_RIGHTS_POLL_FD_READWRITE (UINT64_C(134217728))
#define __WASI_RIGHTS_SOCK_SHUTDOWN (UINT64_C(268435456))
#define __WASI_ROFLAGS_RECV_DATA_TRUNCATED (UINT16_C(1))
#define __WASI_SDFLAGS_RD (UINT8_C(1))
#define __WASI_SDFLAGS_WR (UINT8_C(2))
#define __WASI_SIGNAL_ABRT (UINT8_C(6))
#define __WASI_SIGNAL_ALRM (UINT8_C(14))
#define __WASI_SIGNAL_BUS (UINT8_C(7))
#define __WASI_SIGNAL_CHLD (UINT8_C(16))
#define __WASI_SIGNAL_CONT (UINT8_C(17))
#define __WASI_SIGNAL_FPE (UINT8_C(8))
#define __WASI_SIGNAL_HUP (UINT8_C(1))
#define __WASI_SIGNAL_ILL (UINT8_C(4))
#define __WASI_SIGNAL_INT (UINT8_C(2))
#define __WASI_SIGNAL_KILL (UINT8_C(9))
#define __WASI_SIGNAL_NONE (UINT8_C(0))
#define __WASI_SIGNAL_PIPE (UINT8_C(13))
#define __WASI_SIGNAL_POLL (UINT8_C(28))
#define __WASI_SIGNAL_PROF (UINT8_C(26))
#define __WASI_SIGNAL_PWR (UINT8_C(29))
#define __WASI_SIGNAL_QUIT (UINT8_C(3))
#define __WASI_SIGNAL_SEGV (UINT8_C(11))
#define __WASI_SIGNAL_STOP (UINT8_C(18))
#define __WASI_SIGNAL_SYS (UINT8_C(30))
#define __WASI_SIGNAL_TERM (UINT8_C(15))
#define __WASI_SIGNAL_TRAP (UINT8_C(5))
#define __WASI_SIGNAL_TSTP (UINT8_C(19))
#define __WASI_SIGNAL_TTIN (UINT8_C(20))
#define __WASI_SIGNAL_TTOU (UINT8_C(21))
#define __WASI_SIGNAL_URG (UINT8_C(22))
#define __WASI_SIGNAL_USR1 (UINT8_C(10))
#define __WASI_SIGNAL_USR2 (UINT8_C(12))
#define __WASI_SIGNAL_VTALRM (UINT8_C(25))
#define __WASI_SIGNAL_WINCH (UINT8_C(27))
#define __WASI_SIGNAL_XCPU (UINT8_C(23))
#define __WASI_SIGNAL_XFSZ (UINT8_C(24))
#define __WASI_SUBCLOCKFLAGS_SUBSCRIPTION_CLOCK_ABSTIME (UINT16_C(1))
#define __WASI_WHENCE_CUR (UINT8_C(1))
#define __WASI_WHENCE_END (UINT8_C(2))
#define __WASI_WHENCE_SET (UINT8_C(0))
#define __WCHAR_MAX__ 2147483647
#define __WCHAR_MIN__ (-__WCHAR_MAX__ - 1)
#define __WCHAR_TYPE__ int
#define __WCHAR_WIDTH__ 32
#define __WCLONE 0x80000000
#define __WINT_MAX__ 2147483647
#define __WINT_MIN__ (-__WINT_MAX__ - 1)
#define __WINT_TYPE__ int
#define __WINT_WIDTH__ 32
#define __WNOTHREAD 0x20000000
#define __clang__ 1
#define __clang_literal_encoding__ "UTF-8"
#define __clang_major__ 24
#define __clang_minor__ 0
#define __clang_patchlevel__ 0
#define __clang_version__ "24.0.0git (https:/github.com/llvm/llvm-project 4bfd08c2d769736841ae4f5705d76fa6daa39027)"
#define __clang_wide_literal_encoding__ "UTF-32"
#define __inline inline
#define __llvm__ 1
#define __restrict restrict
#define __tm_gmtoff tm_gmtoff
#define __tm_zone tm_zone
#define __unix 1
#define __unix__ 1
#define __va_copy(d,s) __builtin_va_copy(d,s)
#define __warn_unused_result__ 
#define __wasi_api_h 
#define __wasm 1
#define __wasm32 1
#define __wasm32__ 1
#define __wasm__ 1
#define __wasm_bulk_memory__ 1
#define __wasm_bulk_memory_opt__ 1
#define __wasm_multivalue__ 1
#define __wasm_mutable_globals__ 1
#define __wasm_nontrapping_fptoint__ 1
#define __wasm_reference_types__ 1
#define __wasm_sign_ext__ 1
#define _daylight daylight
#define _timezone timezone
#define _tolower(a) ((a)|0x20)
#define _toupper(a) ((a)&0x5f)
#define alloca __builtin_alloca
#define assert(x) ((void)((x) || (__assert_fail(#x, __FILE__, __LINE__, __func__),0)))
#define do_dlb_cleanup (*dlb_procs->dlb_cleanup_proc)
#define do_dlb_fclose (*dlb_procs->dlb_fclose_proc)
#define do_dlb_fgetc (*dlb_procs->dlb_fgetc_proc)
#define do_dlb_fgets (*dlb_procs->dlb_fgets_proc)
#define do_dlb_fopen (*dlb_procs->dlb_fopen_proc)
#define do_dlb_fread (*dlb_procs->dlb_fread_proc)
#define do_dlb_fseek (*dlb_procs->dlb_fseek_proc)
#define do_dlb_ftell (*dlb_procs->dlb_ftell_proc)
#define do_dlb_init (*dlb_procs->dlb_init_proc)
#define genericptr void *
#define isalpha(a) (0 ? isalpha(a) : (((unsigned)(a)|32)-'a') < 26)
#define isascii(a) (0 ? isascii(a) : (unsigned)(a) < 128)
#define isdigit(a) (0 ? isdigit(a) : ((unsigned)(a)-'0') < 10)
#define isgraph(a) (0 ? isgraph(a) : ((unsigned)(a)-0x21) < 0x5e)
#define islower(a) (0 ? islower(a) : ((unsigned)(a)-'a') < 26)
#define isprint(a) (0 ? isprint(a) : ((unsigned)(a)-0x20) < 0x5f)
#define isspace(a) __isspace(a)
#define isupper(a) (0 ? isupper(a) : ((unsigned)(a)-'A') < 26)
#define nethack_enter(argc,argv) ((void) 0)
#define nhassert(expression) (void)((!!(expression)) || (nhassert_failed(#expression, __FILE__, __LINE__), 0))
#define nowrap_add(a,b) ((a) <= (LONG_MAX - (b)) ? ((a) + (b)) : LONG_MAX)
#define offsetof(t,d) __builtin_offsetof(t, d)
#define sa_handler __sa_handler.sa_handler
#define sa_sigaction __sa_handler.sa_sigaction
#define si_addr __si_fields.__sigfault.si_addr
#define si_addr_lsb __si_fields.__sigfault.si_addr_lsb
#define si_arch __si_fields.__sigsys.si_arch
#define si_band __si_fields.__sigpoll.si_band
#define si_call_addr __si_fields.__sigsys.si_call_addr
#define si_fd __si_fields.__sigpoll.si_fd
#define si_int si_value.sival_int
#define si_lower __si_fields.__sigfault.__first.__addr_bnd.si_lower
#define si_overrun __si_fields.__si_common.__first.__timer.si_overrun
#define si_pid __si_fields.__si_common.__first.__piduid.si_pid
#define si_pkey __si_fields.__sigfault.__first.si_pkey
#define si_ptr si_value.sival_ptr
#define si_status __si_fields.__si_common.__second.__sigchld.si_status
#define si_stime __si_fields.__si_common.__second.__sigchld.si_stime
#define si_syscall __si_fields.__sigsys.si_syscall
#define si_timerid __si_fields.__si_common.__first.__timer.si_timerid
#define si_uid __si_fields.__si_common.__first.__piduid.si_uid
#define si_upper __si_fields.__sigfault.__first.__addr_bnd.si_upper
#define si_utime __si_fields.__si_common.__second.__sigchld.si_utime
#define si_value __si_fields.__si_common.__second.si_value
#define sigev_notify_attributes __sev_fields.__sev_thread.sigev_notify_attributes
#define sigev_notify_function __sev_fields.__sev_thread.sigev_notify_function
#define sigev_notify_thread_id __sev_fields.sigev_notify_thread_id
#define static_assert _Static_assert
#define staticfn static
#define stderr (stderr)
#define stdin (stdin)
#define stdout (stdout)
#define strcmpi(a,b) strncmpi((a), (b), -1)
#define tgetch getchar
#define timeradd(s,t,a) (void) ( (a)->tv_sec = (s)->tv_sec + (t)->tv_sec, ((a)->tv_usec = (s)->tv_usec + (t)->tv_usec) >= 1000000 && ((a)->tv_usec -= 1000000, (a)->tv_sec++) )
#define timerclear(t) ((t)->tv_sec = (t)->tv_usec = 0)
#define timercmp(s,t,op) ((s)->tv_sec == (t)->tv_sec ? (s)->tv_usec op (t)->tv_usec : (s)->tv_sec op (t)->tv_sec)
#define timerisset(t) ((t)->tv_sec || (t)->tv_usec)
#define timersub(s,t,a) (void) ( (a)->tv_sec = (s)->tv_sec - (t)->tv_sec, ((a)->tv_usec = (s)->tv_usec - (t)->tv_usec) < 0 && ((a)->tv_usec += 1000000, (a)->tv_sec--) )
#define unix 1
#define unmeta(c) (0x7f & (c))
#define va_arg(ap,type) __builtin_va_arg(ap, type)
#define va_copy(dest,src) __builtin_va_copy(dest, src)
#define va_end(ap) __builtin_va_end(ap)
#define va_start(ap,param) __builtin_va_start(ap, param)
#define warn_unused_result 
