Compiling native makedefs
Compiling native data librarian
Verified 148 complete assets through official WASM DLB reader
Compiled 1/177 allmain.c
Compiled 2/177 alloc.c
Compiled 3/177 apply.c
Compiled 4/177 artifact.c
Compiled 5/177 attrib.c
Compiled 6/177 ball.c
Compiled 7/177 bones.c
Compiled 8/177 botl.c
Compiled 9/177 calendar.c
Compiled 10/177 cfgfiles.c
Compiled 11/177 cmd.c
Compiled 12/177 coloratt.c
Compiled 13/177 dbridge.c
Compiled 14/177 decl.c
Compiled 15/177 detect.c
Compiled 16/177 dig.c
Compiled 17/177 display.c
Compiled 18/177 dlb.c
Compiled 19/177 do.c
Compiled 20/177 do_name.c
Compiled 21/177 do_wear.c
Compiled 22/177 dog.c
Compiled 23/177 dogmove.c
Compiled 24/177 dokick.c
Compiled 25/177 dothrow.c
Compiled 26/177 drawing.c
Compiled 27/177 dungeon.c
Compiled 28/177 earlyarg.c
Compiled 29/177 eat.c
Compiled 30/177 end.c
Compiled 31/177 engrave.c
Compiled 32/177 exper.c
Compiled 33/177 explode.c
Compiled 34/177 extralev.c
Compiled 35/177 files.c
Compiled 36/177 fountain.c
Compiled 37/177 getpos.c
Compiled 38/177 glyphs.c
Compiled 39/177 hack.c
Compiled 40/177 iactions.c
Compiled 41/177 insight.c
Compiled 42/177 invent.c
Compiled 43/177 isaac64.c
Compiled 44/177 light.c
Compiled 45/177 lock.c
Compiled 46/177 mail.c
Compiled 47/177 makemon.c
Compiled 48/177 mcastu.c
Compiled 49/177 mdlib.c
Compiled 50/177 mhitm.c
Compiled 51/177 mhitu.c
Compiled 52/177 minion.c
Compiled 53/177 mklev.c
Compiled 54/177 mkmap.c
Compiled 55/177 mkmaze.c
Compiled 56/177 mkobj.c
Compiled 57/177 mkroom.c
Compiled 58/177 mon.c
Compiled 59/177 mondata.c
Compiled 60/177 monmove.c
Compiled 61/177 monst.c
Compiled 62/177 mplayer.c
Compiled 63/177 mthrowu.c
Compiled 64/177 muse.c
Compiled 65/177 music.c
Compiled 66/177 nhlua.c
Compiled 67/177 nhlsel.c
Compiled 68/177 nhlobj.c
Compiled 69/177 nhmd4.c
Compiled 70/177 objects.c
Compiled 71/177 o_init.c
Compiled 72/177 objnam.c
Compiled 73/177 options.c
Compiled 74/177 pager.c
Compiled 75/177 pickup.c
Compiled 76/177 pline.c
Compiled 77/177 polyself.c
Compiled 78/177 potion.c
Compiled 79/177 pray.c
Compiled 80/177 priest.c
Compiled 81/177 quest.c
Compiled 82/177 questpgr.c
Compiled 83/177 read.c
Compiled 84/177 rect.c
Compiled 85/177 region.c
Compiled 86/177 report.c
Compiled 87/177 restore.c
Compiled 88/177 rip.c
Compiled 89/177 rnd.c
Compiled 90/177 role.c
Compiled 91/177 rumors.c
Compiled 92/177 save.c
Compiled 93/177 selvar.c
Compiled 94/177 sfbase.c
Compiled 95/177 sfstruct.c
Compiled 96/177 shk.c
Compiled 97/177 shknam.c
Compiled 98/177 sit.c
Compiled 99/177 sounds.c
Compiled 100/177 sp_lev.c
Compiled 101/177 spell.c
Compiled 102/177 stairs.c
Compiled 103/177 symbols.c
Compiled 104/177 sys.c
Compiled 105/177 steal.c
Compiled 106/177 steed.c
Compiled 107/177 strutil.c
Compiled 108/177 teleport.c
Compiled 109/177 timeout.c
Compiled 110/177 topten.c
Compiled 111/177 track.c
Compiled 112/177 trap.c
Compiled 113/177 u_init.c
Compiled 114/177 uhitm.c
Compiled 115/177 utf8map.c
Compiled 116/177 vault.c
Compiled 117/177 vision.c
Compiled 118/177 weapon.c
Compiled 119/177 were.c
Compiled 120/177 wield.c
Compiled 121/177 windows.c
Compiled 122/177 wizard.c
Compiled 123/177 wizcmds.c
Compiled 124/177 worm.c
Compiled 125/177 worn.c
Compiled 126/177 write.c
Compiled 127/177 zap.c
Compiled 128/177 version.c
Compiled 129/177 date.c
Compiled 130/177 hacklib.c
Compiled 131/177 libnhmain.c
Compiled 132/177 ioctl.c
Compiled 133/177 unixtty.c
Compiled 134/177 unixunix.c
Compiled 135/177 unixres.c
Compiled 136/177 winshim.c
Compiled 137/177 posixregex.c
Compiled 138/177 lapi.c
Compiled 139/177 lauxlib.c
Compiled 140/177 lbaselib.c
Compiled 141/177 lcode.c
Compiled 142/177 lcorolib.c
Compiled 143/177 lctype.c
Compiled 144/177 ldblib.c
Compiled 145/177 ldebug.c
Compiled 146/177 ldo.c
Compiled 147/177 ldump.c
Compiled 148/177 lfunc.c
Compiled 149/177 lgc.c
Compiled 150/177 linit.c
Compiled 151/177 liolib.c
Compiled 152/177 llex.c
Compiled 153/177 lmathlib.c
Compiled 154/177 lmem.c
Compiled 155/177 loadlib.c
Compiled 156/177 lobject.c
Compiled 157/177 lopcodes.c
Compiled 158/177 loslib.c
Compiled 159/177 lparser.c
Compiled 160/177 lstate.c
Compiled 161/177 lstring.c
Compiled 162/177 lstrlib.c
Compiled 163/177 ltable.c
Compiled 164/177 ltablib.c
Compiled 165/177 ltm.c
Compiled 166/177 lundump.c
Compiled 167/177 lutf8lib.c
Compiled 168/177 lvm.c
Compiled 169/177 lzio.c
Compiled 170/177 jrogue-abi.c
Compiled 171/177 nh-semantic.c
Compiled 172/177 nh-quest-semantic.c
Compiled 173/177 nh-semantic-name.c
Compiled 174/177 nh-phase4-values.c
Compiled 175/177 nh-phase6-helper.c
Compiled 176/177 nh-native-api.c
Compiled 177/177 nh-buffer-producer.c
Linking full official engine
{
  "nethack.js": {
    "bytes": 102556,
    "sha256": "e53b0f16ff7a398c717a8e51e33631723a268808056bb8756875a9e2e7d42a8b"
  },
  "nethack.wasm": {
    "bytes": 8127583,
    "sha256": "b3865a77f28419229c66f1f740619b772378e5f229f8d3a3d4e8c96067365659"
  }
}
