experiments\lua-wasi\toolchain\wasi-sysroot-34.0\lib\wasm32-wasip1\libc.a:fdclosedir.c.obj:          U free
experiments\lua-wasi\toolchain\wasi-sysroot-34.0\lib\wasm32-wasip1\libc.a:fdopendir.c.obj:          U free
experiments\lua-wasi\toolchain\wasi-sysroot-34.0\lib\wasm32-wasip1\libc.a:fdopendir.c.obj:          U malloc
experiments\lua-wasi\toolchain\wasi-sysroot-34.0\lib\wasm32-wasip1\libc.a:readdir.c.obj:          U realloc
experiments\lua-wasi\toolchain\wasi-sysroot-34.0\lib\wasm32-wasip1\libc.a:scandirat.c.obj:          U free
experiments\lua-wasi\toolchain\wasi-sysroot-34.0\lib\wasm32-wasip1\libc.a:scandirat.c.obj:          U malloc
experiments\lua-wasi\toolchain\wasi-sysroot-34.0\lib\wasm32-wasip1\libc.a:scandirat.c.obj:          U realloc
experiments\lua-wasi\toolchain\wasi-sysroot-34.0\lib\wasm32-wasip1\libc.a:__main_void.c.obj:          U calloc
experiments\lua-wasi\toolchain\wasi-sysroot-34.0\lib\wasm32-wasip1\libc.a:__main_void.c.obj:          U free
experiments\lua-wasi\toolchain\wasi-sysroot-34.0\lib\wasm32-wasip1\libc.a:__main_void.c.obj:          U malloc
experiments\lua-wasi\toolchain\wasi-sysroot-34.0\lib\wasm32-wasip1\libc.a:__wasilibc_initialize_environ.c.obj:          U calloc
experiments\lua-wasi\toolchain\wasi-sysroot-34.0\lib\wasm32-wasip1\libc.a:__wasilibc_initialize_environ.c.obj:          U free
experiments\lua-wasi\toolchain\wasi-sysroot-34.0\lib\wasm32-wasip1\libc.a:__wasilibc_initialize_environ.c.obj:          U malloc
experiments\lua-wasi\toolchain\wasi-sysroot-34.0\lib\wasm32-wasip1\libc.a:chdir.c.obj:          U free
experiments\lua-wasi\toolchain\wasi-sysroot-34.0\lib\wasm32-wasip1\libc.a:chdir.c.obj:          U malloc
experiments\lua-wasi\toolchain\wasi-sysroot-34.0\lib\wasm32-wasip1\libc.a:chdir.c.obj:          U realloc
experiments\lua-wasi\toolchain\wasi-sysroot-34.0\lib\wasm32-wasip1\libc.a:preopens.c.obj:          U calloc
experiments\lua-wasi\toolchain\wasi-sysroot-34.0\lib\wasm32-wasip1\libc.a:preopens.c.obj:          U free
experiments\lua-wasi\toolchain\wasi-sysroot-34.0\lib\wasm32-wasip1\libc.a:preopens.c.obj:          U malloc
experiments\lua-wasi\toolchain\wasi-sysroot-34.0\lib\wasm32-wasip1\libc.a:reallocarray.c.obj:          U realloc
experiments\lua-wasi\toolchain\wasi-sysroot-34.0\lib\wasm32-wasip1\libc.a:putenv.c.obj:          U free
experiments\lua-wasi\toolchain\wasi-sysroot-34.0\lib\wasm32-wasip1\libc.a:putenv.c.obj:          U malloc
experiments\lua-wasi\toolchain\wasi-sysroot-34.0\lib\wasm32-wasip1\libc.a:putenv.c.obj:          U realloc
experiments\lua-wasi\toolchain\wasi-sysroot-34.0\lib\wasm32-wasip1\libc.a:setenv.c.obj:          U free
experiments\lua-wasi\toolchain\wasi-sysroot-34.0\lib\wasm32-wasip1\libc.a:setenv.c.obj:          U malloc
experiments\lua-wasi\toolchain\wasi-sysroot-34.0\lib\wasm32-wasip1\libc.a:setenv.c.obj:          U realloc
experiments\lua-wasi\toolchain\wasi-sysroot-34.0\lib\wasm32-wasip1\libc.a:atexit.c.obj:          U __libc_calloc
experiments\lua-wasi\toolchain\wasi-sysroot-34.0\lib\wasm32-wasip1\libc.a:duplocale.c.obj:          U __libc_malloc
experiments\lua-wasi\toolchain\wasi-sysroot-34.0\lib\wasm32-wasip1\libc.a:freelocale.c.obj:          U __libc_free
experiments\lua-wasi\toolchain\wasi-sysroot-34.0\lib\wasm32-wasip1\libc.a:iconv.c.obj:          U malloc
experiments\lua-wasi\toolchain\wasi-sysroot-34.0\lib\wasm32-wasip1\libc.a:iconv_close.c.obj:          U free
experiments\lua-wasi\toolchain\wasi-sysroot-34.0\lib\wasm32-wasip1\libc.a:locale_map.c.obj:          U __libc_malloc
experiments\lua-wasi\toolchain\wasi-sysroot-34.0\lib\wasm32-wasip1\libc.a:newlocale.c.obj:          U __libc_malloc
experiments\lua-wasi\toolchain\wasi-sysroot-34.0\lib\wasm32-wasip1\libc.a:glob.c.obj:          U free
experiments\lua-wasi\toolchain\wasi-sysroot-34.0\lib\wasm32-wasip1\libc.a:glob.c.obj:          U malloc
experiments\lua-wasi\toolchain\wasi-sysroot-34.0\lib\wasm32-wasip1\libc.a:glob.c.obj:          U realloc
experiments\lua-wasi\toolchain\wasi-sysroot-34.0\lib\wasm32-wasip1\libc.a:regcomp.c.obj:          U calloc
experiments\lua-wasi\toolchain\wasi-sysroot-34.0\lib\wasm32-wasip1\libc.a:regcomp.c.obj:          U free
experiments\lua-wasi\toolchain\wasi-sysroot-34.0\lib\wasm32-wasip1\libc.a:regcomp.c.obj:          U malloc
experiments\lua-wasi\toolchain\wasi-sysroot-34.0\lib\wasm32-wasip1\libc.a:regcomp.c.obj:          U realloc
experiments\lua-wasi\toolchain\wasi-sysroot-34.0\lib\wasm32-wasip1\libc.a:regexec.c.obj:          U calloc
experiments\lua-wasi\toolchain\wasi-sysroot-34.0\lib\wasm32-wasip1\libc.a:regexec.c.obj:          U free
experiments\lua-wasi\toolchain\wasi-sysroot-34.0\lib\wasm32-wasip1\libc.a:regexec.c.obj:          U malloc
experiments\lua-wasi\toolchain\wasi-sysroot-34.0\lib\wasm32-wasip1\libc.a:tre-mem.c.obj:          U calloc
experiments\lua-wasi\toolchain\wasi-sysroot-34.0\lib\wasm32-wasip1\libc.a:tre-mem.c.obj:          U free
experiments\lua-wasi\toolchain\wasi-sysroot-34.0\lib\wasm32-wasip1\libc.a:tre-mem.c.obj:          U malloc
experiments\lua-wasi\toolchain\wasi-sysroot-34.0\lib\wasm32-wasip1\libc.a:hsearch.c.obj:          U calloc
experiments\lua-wasi\toolchain\wasi-sysroot-34.0\lib\wasm32-wasip1\libc.a:hsearch.c.obj:          U free
experiments\lua-wasi\toolchain\wasi-sysroot-34.0\lib\wasm32-wasip1\libc.a:tdelete.c.obj:          U free
experiments\lua-wasi\toolchain\wasi-sysroot-34.0\lib\wasm32-wasip1\libc.a:tdestroy.c.obj:          U free
experiments\lua-wasi\toolchain\wasi-sysroot-34.0\lib\wasm32-wasip1\libc.a:tsearch.c.obj:          U malloc
experiments\lua-wasi\toolchain\wasi-sysroot-34.0\lib\wasm32-wasip1\libc.a:__fdopen.c.obj:          U malloc
experiments\lua-wasi\toolchain\wasi-sysroot-34.0\lib\wasm32-wasip1\libc.a:fclose.c.obj:          U free
experiments\lua-wasi\toolchain\wasi-sysroot-34.0\lib\wasm32-wasip1\libc.a:fmemopen.c.obj:          U malloc
experiments\lua-wasi\toolchain\wasi-sysroot-34.0\lib\wasm32-wasip1\libc.a:fopencookie.c.obj:          U malloc
experiments\lua-wasi\toolchain\wasi-sysroot-34.0\lib\wasm32-wasip1\libc.a:getdelim.c.obj:          U realloc
experiments\lua-wasi\toolchain\wasi-sysroot-34.0\lib\wasm32-wasip1\libc.a:open_memstream.c.obj:          U free
experiments\lua-wasi\toolchain\wasi-sysroot-34.0\lib\wasm32-wasip1\libc.a:open_memstream.c.obj:          U malloc
experiments\lua-wasi\toolchain\wasi-sysroot-34.0\lib\wasm32-wasip1\libc.a:open_memstream.c.obj:          U realloc
experiments\lua-wasi\toolchain\wasi-sysroot-34.0\lib\wasm32-wasip1\libc.a:open_wmemstream.c.obj:          U free
experiments\lua-wasi\toolchain\wasi-sysroot-34.0\lib\wasm32-wasip1\libc.a:open_wmemstream.c.obj:          U malloc
experiments\lua-wasi\toolchain\wasi-sysroot-34.0\lib\wasm32-wasip1\libc.a:open_wmemstream.c.obj:          U realloc
experiments\lua-wasi\toolchain\wasi-sysroot-34.0\lib\wasm32-wasip1\libc.a:vasprintf.c.obj:          U malloc
experiments\lua-wasi\toolchain\wasi-sysroot-34.0\lib\wasm32-wasip1\libc.a:vfwscanf.c.obj:          U free
experiments\lua-wasi\toolchain\wasi-sysroot-34.0\lib\wasm32-wasip1\libc.a:vfwscanf.c.obj:          U malloc
experiments\lua-wasi\toolchain\wasi-sysroot-34.0\lib\wasm32-wasip1\libc.a:vfwscanf.c.obj:          U realloc
experiments\lua-wasi\toolchain\wasi-sysroot-34.0\lib\wasm32-wasip1\libc.a:strdup.c.obj:          U malloc
experiments\lua-wasi\toolchain\wasi-sysroot-34.0\lib\wasm32-wasip1\libc.a:strndup.c.obj:          U malloc
experiments\lua-wasi\toolchain\wasi-sysroot-34.0\lib\wasm32-wasip1\libc.a:wcsdup.c.obj:          U malloc
experiments\lua-wasi\toolchain\wasi-sysroot-34.0\lib\wasm32-wasip1\libc.a:vfscanf.c.obj:          U free
experiments\lua-wasi\toolchain\wasi-sysroot-34.0\lib\wasm32-wasip1\libc.a:vfscanf.c.obj:          U malloc
experiments\lua-wasi\toolchain\wasi-sysroot-34.0\lib\wasm32-wasip1\libc.a:vfscanf.c.obj:          U realloc
experiments\lua-wasi\toolchain\wasi-sysroot-34.0\lib\wasm32-wasip1\libc.a:fts.c.obj:          U calloc
experiments\lua-wasi\toolchain\wasi-sysroot-34.0\lib\wasm32-wasip1\libc.a:fts.c.obj:          U free
experiments\lua-wasi\toolchain\wasi-sysroot-34.0\lib\wasm32-wasip1\libc.a:fts.c.obj:          U malloc
experiments\lua-wasi\toolchain\wasi-sysroot-34.0\lib\wasm32-wasip1\libc.a:fts.c.obj:          U realloc
