Verified 148 complete assets through official WASM DLB reader
Compiled 1/170 allmain.c
Compiled 2/170 alloc.c
Compiled 3/170 apply.c
Compiled 4/170 artifact.cCompiled 5/170 attrib.c

Compiled 6/170 ball.c
Compiled 7/170 bones.c
Compiled 8/170 botl.cCompiled 9/170 calendar.c

Compiled 10/170 cfgfiles.c
Compiled 11/170 cmd.c
Compiled 13/170 dbridge.cCompiled 12/170 coloratt.c

Compiled 14/170 decl.c
Compiled 15/170 detect.c
Compiled 18/170 dlb.c
Compiled 16/170 dig.cCompiled 17/170 display.c

Compiled 19/170 do.c
Compiled 20/170 do_name.c
Compiled 21/170 do_wear.cCompiled 22/170 dog.c

Compiled 23/170 dogmove.c
Compiled 24/170 dokick.c
Compiled 26/170 drawing.c
Compiled 25/170 dothrow.c
Compiled 27/170 dungeon.c
Compiled 28/170 earlyarg.c
Compiled 29/170 eat.c
Compiled 30/170 end.c
Compiled 31/170 engrave.c
Compiled 32/170 exper.c
Compiled 33/170 explode.c
Compiled 34/170 extralev.c
Compiled 35/170 files.c
Compiled 36/170 fountain.c
Compiled 37/170 getpos.cCompiled 38/170 glyphs.c

Compiled 39/170 hack.c
Compiled 40/170 iactions.c
Compiled 41/170 insight.c
Compiled 42/170 invent.c
Compiled 43/170 isaac64.c
Compiled 44/170 light.cCompiled 45/170 lock.c

Compiled 46/170 mail.c
Compiled 47/170 makemon.c
Compiled 48/170 mcastu.c
Compiled 49/170 mdlib.c
Compiled 50/170 mhitm.c
Compiled 51/170 mhitu.c
Compiled 53/170 mklev.cCompiled 52/170 minion.c

Compiled 54/170 mkmap.c
Compiled 55/170 mkmaze.c
Compiled 56/170 mkobj.cCompiled 57/170 mkroom.c

Compiled 58/170 mon.c
Compiled 59/170 mondata.cCompiled 60/170 monmove.c

Compiled 61/170 monst.cCompiled 62/170 mplayer.c

Compiled 63/170 mthrowu.c
Compiled 64/170 muse.c
Compiled 65/170 music.c
Compiled 66/170 nhlua.c
Compiled 67/170 nhlsel.c
Compiled 68/170 nhlobj.c
Compiled 69/170 nhmd4.c
Compiled 70/170 objects.c
Compiled 71/170 o_init.c
Compiled 72/170 objnam.c
Compiled 73/170 options.c
Compiled 74/170 pager.c
Compiled 75/170 pickup.c
Compiled 76/170 pline.c
Compiled 77/170 polyself.c
Compiled 78/170 potion.c
Compiled 79/170 pray.c
Compiled 80/170 priest.c
Compiled 81/170 quest.c
Compiled 82/170 questpgr.c
Compiled 83/170 read.c
Compiled 84/170 rect.c
Compiled 85/170 region.c
Compiled 86/170 report.c
Compiled 87/170 restore.c
Compiled 88/170 rip.c
Compiled 91/170 rumors.cCompiled 90/170 role.c

Compiled 92/170 save.c
Compiled 93/170 selvar.c
Compiled 94/170 sfbase.c
Compiled 95/170 sfstruct.c
Compiled 96/170 shk.c
Compiled 98/170 sit.cCompiled 97/170 shknam.c

Compiled 100/170 sp_lev.c
Compiled 99/170 sounds.c
Compiled 101/170 spell.c
Compiled 102/170 stairs.c
Compiled 103/170 symbols.c
Compiled 104/170 sys.c
Compiled 105/170 steal.c
Compiled 106/170 steed.c
Compiled 108/170 teleport.cCompiled 107/170 strutil.c

Compiled 109/170 timeout.c
Compiled 110/170 topten.c
Compiled 111/170 track.c
Compiled 112/170 trap.c
Compiled 113/170 u_init.c
Compiled 114/170 uhitm.c
Compiled 115/170 utf8map.c
Compiled 117/170 vision.cCompiled 116/170 vault.c

Compiled 118/170 weapon.c
Compiled 119/170 were.c
Compiled 120/170 wield.c
Compiled 121/170 windows.c
Compiled 122/170 wizard.cCompiled 123/170 wizcmds.c

Compiled 124/170 worm.c
Compiled 125/170 worn.c
Compiled 126/170 write.c
Compiled 127/170 zap.c
Compiled 128/170 version.c
Compiled 129/170 date.c
Compiled 130/170 hacklib.c
Compiled 132/170 ioctl.c
Compiled 133/170 unixtty.c
Compiled 134/170 unixunix.c
Compiled 135/170 unixres.c
Compiled 137/170 posixregex.c
Compiled 138/170 lapi.c
Compiled 139/170 lauxlib.c
Compiled 140/170 lbaselib.c
Compiled 141/170 lcode.c
Compiled 142/170 lcorolib.c
Compiled 143/170 lctype.c
Compiled 144/170 ldblib.c
Compiled 145/170 ldebug.c
Compiled 146/170 ldo.c
Compiled 147/170 ldump.c
Compiled 148/170 lfunc.c
Compiled 149/170 lgc.c
Compiled 150/170 linit.c
Compiled 151/170 liolib.c
Compiled 152/170 llex.c
Compiled 153/170 lmathlib.c
Compiled 154/170 lmem.c
Compiled 155/170 loadlib.c
Compiled 156/170 lobject.c
Compiled 157/170 lopcodes.c
Compiled 158/170 loslib.c
Compiled 159/170 lparser.c
Compiled 160/170 lstate.c
Compiled 161/170 lstring.c
Compiled 162/170 lstrlib.c
Compiled 163/170 ltable.c
Compiled 164/170 ltablib.c
Compiled 165/170 ltm.c
Compiled 166/170 lundump.c
Compiled 167/170 lutf8lib.c
Compiled 168/170 lvm.c
Compiled 169/170 lzio.c
Compiled 89/170 rnd.c
Compiled 136/170 winshim.c
Compiled 131/170 libnhmain.c
Compiled 170/170 jrogue-abi.c
Linking full official engine
{
  "nethack.js": {
    "bytes": 101408,
    "sha256": "d1c946f1cc64cb5aedb64a2a5b35b212009688d50a573101ec59ed32afa83c9a"
  },
  "nethack.wasm": {
    "bytes": 6446012,
    "sha256": "298ae4f9e6c81695cdee9c2d7c410961215092cd877a64b4bcc9c671eb0ee55d"
  }
}
