DLB init=1 filename=nhdat
Arc-fila.lua	1430	558196849
Arc-filb.lua	1439	2177350841
Arc-goal.lua	4336	270119936
Arc-loca.lua	5142	243955811
Arc-strt.lua	4564	1207255880
Bar-fila.lua	843	2068718330
Bar-filb.lua	1221	604595568
Bar-goal.lua	3846	1854812314
Bar-loca.lua	4660	750576860
Bar-strt.lua	4343	324587781
Cav-fila.lua	964	4271808187
Cav-filb.lua	1073	2642872548
Cav-goal.lua	2556	1162658803
Cav-loca.lua	4147	3010274299
Cav-strt.lua	4470	3675691845
Hea-fila.lua	1160	1959414496
Hea-filb.lua	1327	45357405
Hea-goal.lua	2734	1162934786
Hea-loca.lua	2738	3340080634
Hea-strt.lua	4183	767200391
Kni-fila.lua	935	1939013888
Kni-filb.lua	1070	890028819
Kni-goal.lua	4284	1035217523
Kni-loca.lua	4249	256954051
Kni-strt.lua	4117	3995072607
Mon-fila.lua	1596	941489300
Mon-filb.lua	1572	4098940466
Mon-goal.lua	1967	4228655793
Mon-loca.lua	3738	2226850948
Mon-strt.lua	4333	943735566
Pri-fila.lua	1324	1510106644
Pri-filb.lua	1492	3971440234
Pri-goal.lua	2180	1363131960
Pri-loca.lua	2829	3990660474
Pri-strt.lua	4013	3584352298
Ran-fila.lua	994	1214676637
Ran-filb.lua	1044	2830811024
Ran-goal.lua	4631	1986262010
Ran-loca.lua	3197	3134696370
Ran-strt.lua	4390	4200737396
Rog-fila.lua	1805	2244312889
Rog-filb.lua	1805	3617557468
Rog-goal.lua	4802	3575585051
Rog-loca.lua	4241	2716340858
Rog-strt.lua	6048	3894634927
Sam-fila.lua	830	2981289461
Sam-filb.lua	1904	3731726464
Sam-goal.lua	3374	2615594403
Sam-loca.lua	4936	3977625146
Sam-strt.lua	4129	1325389939
Tou-fila.lua	980	3043144534
Tou-filb.lua	1000	1262947875
Tou-goal.lua	6269	1858910457
Tou-loca.lua	6147	1283562624
Tou-strt.lua	4895	3632081889
Val-fila.lua	918	2368404896
Val-filb.lua	1024	4018053643
Val-goal.lua	3534	2700452105
Val-loca.lua	2438	3274859971
Val-strt.lua	3988	1108280989
Wiz-fila.lua	1540	3617016085
Wiz-filb.lua	1513	14508089
Wiz-goal.lua	5514	3794765234
Wiz-loca.lua	5657	1962882920
Wiz-strt.lua	4678	1956928383
air.lua	5293	3843105699
asmodeus.lua	2849	133256578
astral.lua	9541	3555044700
baalz.lua	2469	965101155
bigrm-1.lua	3103	1395123993
bigrm-10.lua	2630	3742612446
bigrm-11.lua	1057	127277974
bigrm-12.lua	3122	3936663411
bigrm-13.lua	2837	1738977008
bigrm-2.lua	2686	169923039
bigrm-3.lua	3135	3283999489
bigrm-4.lua	2344	190748230
bigrm-5.lua	2216	421406012
bigrm-6.lua	2015	1284838789
bigrm-7.lua	2213	1732744826
bigrm-8.lua	2181	2419057381
bigrm-9.lua	2223	346874301
castle.lua	8620	2467860498
dungeon.lua	6862	3141347922
earth.lua	6177	250862642
fakewiz1.lua	1615	1161218439
fakewiz2.lua	1495	110950575
fire.lua	5777	82862669
hellfill.lua	11885	2116112213
juiblex.lua	3998	237411881
knox.lua	6883	2197891058
medusa-1.lua	4742	3839204849
medusa-2.lua	5596	2605603922
medusa-3.lua	5995	294416259
medusa-4.lua	6031	1790107358
minefill.lua	1126	3350154288
minend-1.lua	4324	860946543
minend-2.lua	5332	2306884892
minend-3.lua	3414	1371905279
minetn-1.lua	5885	3343493361
minetn-2.lua	6663	3560819506
minetn-3.lua	4551	621451081
minetn-4.lua	4904	3239468939
minetn-5.lua	5108	901782070
minetn-6.lua	3924	978004240
minetn-7.lua	7282	2226383049
nhcore.lua	4817	2385026006
nhlib.lua	7101	4152416880
oracle.lua	2504	305578159
orcus.lua	5226	709835270
quest.lua	132016	636188207
sanctum.lua	5416	3328907800
soko1-1.lua	3214	2910399941
soko1-2.lua	3193	2335757639
soko2-1.lua	1843	1557125986
soko2-2.lua	2005	1978266028
soko3-1.lua	2253	1593338448
soko3-2.lua	2080	965100914
soko4-1.lua	3040	32160892
soko4-2.lua	1937	2723952051
themerms.lua	33949	306635682
tower1.lua	2608	3678805928
tower2.lua	1802	4061324822
tower3.lua	1535	3872788768
tut-1.lua	14907	2203002875
tut-2.lua	607	763284054
valley.lua	5817	2077409595
water.lua	4541	2543994025
wizard1.lua	3710	649828846
wizard2.lua	2282	1633981778
wizard3.lua	3333	3030723877
help	11855	1489148293
hh	9015	3928265485
cmdhelp	7536	1216394226
keyhelp	3177	1185876208
history	21879	2562978010
opthelp	25555	2323069234
optmenu	2252	893644049
usagehlp	6579	2186200696
wizhelp	2612	2205729000
tribute	383689	1419264467
bogusmon	8075	471750834
data	294058	3081813952
engrave	2941	3251993167
epitaph	24531	358332911
oracles	6357	3092776656
rumors	51584	1841595608
options	1470	2527293717
