Compiling native makedefs
Compiling native data librarian
Verified 148 complete assets through official WASM DLB reader
Compiled 1/173 allmain.c
Compiled 2/173 alloc.c
Compiled 3/173 apply.c
Compiled 4/173 artifact.c
Compiled 5/173 attrib.c
Compiled 6/173 ball.c
Compiled 7/173 bones.c
Compiled 8/173 botl.c
Compiled 9/173 calendar.c
Compiled 10/173 cfgfiles.c
Compiled 11/173 cmd.c
Compiled 12/173 coloratt.c
Compiled 13/173 dbridge.c
Compiled 14/173 decl.c
Compiled 15/173 detect.c
Compiled 16/173 dig.c
Compiled 17/173 display.c
Compiled 18/173 dlb.c
Compiled 19/173 do.c
Compiled 20/173 do_name.c
Compiled 21/173 do_wear.c
Compiled 22/173 dog.c
Compiled 23/173 dogmove.c
Compiled 24/173 dokick.c
Compiled 25/173 dothrow.c
Compiled 26/173 drawing.c
Compiled 27/173 dungeon.c
Compiled 28/173 earlyarg.c
Compiled 29/173 eat.c
Compiled 30/173 end.c
Compiled 31/173 engrave.c
Compiled 32/173 exper.c
Compiled 33/173 explode.c
Compiled 34/173 extralev.c
Compiled 35/173 files.c
Compiled 36/173 fountain.c
Compiled 37/173 getpos.c
Compiled 38/173 glyphs.c
Compiled 39/173 hack.c
Compiled 40/173 iactions.c
Compiled 41/173 insight.c
Compiled 42/173 invent.c
Compiled 43/173 isaac64.c
Compiled 44/173 light.c
Compiled 45/173 lock.c
Compiled 46/173 mail.c
Compiled 47/173 makemon.c
Compiled 48/173 mcastu.c
Compiled 49/173 mdlib.c
Compiled 50/173 mhitm.c
Compiled 51/173 mhitu.c
Compiled 52/173 minion.c
Compiled 53/173 mklev.c
Compiled 54/173 mkmap.c
Compiled 55/173 mkmaze.c
Compiled 56/173 mkobj.c
Compiled 57/173 mkroom.c
Compiled 58/173 mon.c
Compiled 59/173 mondata.c
Compiled 60/173 monmove.c
Compiled 61/173 monst.c
Compiled 62/173 mplayer.c
Compiled 63/173 mthrowu.c
Compiled 64/173 muse.c
Compiled 65/173 music.c
Compiled 66/173 nhlua.c
Compiled 67/173 nhlsel.c
Compiled 68/173 nhlobj.c
Compiled 69/173 nhmd4.c
Compiled 70/173 objects.c
Compiled 71/173 o_init.c
Compiled 72/173 objnam.c
Compiled 73/173 options.c
Compiled 74/173 pager.c
Compiled 75/173 pickup.c
Compiled 76/173 pline.c
Compiled 77/173 polyself.c
Compiled 78/173 potion.c
Compiled 79/173 pray.c
Compiled 80/173 priest.c
Compiled 81/173 quest.c
Compiled 82/173 questpgr.c
Compiled 83/173 read.c
Compiled 84/173 rect.c
Compiled 85/173 region.c
Compiled 86/173 report.c
Compiled 87/173 restore.c
Compiled 88/173 rip.c
Compiled 89/173 rnd.c
Compiled 90/173 role.c
Compiled 91/173 rumors.c
Compiled 92/173 save.c
Compiled 93/173 selvar.c
Compiled 94/173 sfbase.c
Compiled 95/173 sfstruct.c
Compiled 96/173 shk.c
Compiled 97/173 shknam.c
Compiled 98/173 sit.c
Compiled 99/173 sounds.c
Compiled 100/173 sp_lev.c
Compiled 101/173 spell.c
Compiled 102/173 stairs.c
Compiled 103/173 symbols.c
Compiled 104/173 sys.c
Compiled 105/173 steal.c
Compiled 106/173 steed.c
Compiled 107/173 strutil.c
Compiled 108/173 teleport.c
Compiled 109/173 timeout.c
Compiled 110/173 topten.c
Compiled 111/173 track.c
Compiled 112/173 trap.c
Compiled 113/173 u_init.c
Compiled 114/173 uhitm.c
Compiled 115/173 utf8map.c
Compiled 116/173 vault.c
Compiled 117/173 vision.c
Compiled 118/173 weapon.c
Compiled 119/173 were.c
Compiled 120/173 wield.c
Compiled 121/173 windows.c
Compiled 122/173 wizard.c
Compiled 123/173 wizcmds.c
Compiled 124/173 worm.c
Compiled 125/173 worn.c
Compiled 126/173 write.c
Compiled 127/173 zap.c
Compiled 128/173 version.c
Compiled 129/173 date.c
Compiled 130/173 hacklib.c
Compiled 131/173 libnhmain.c
Compiled 132/173 ioctl.c
Compiled 133/173 unixtty.c
Compiled 134/173 unixunix.c
Compiled 135/173 unixres.c
Compiled 136/173 winshim.c
Compiled 137/173 posixregex.c
Compiled 138/173 lapi.c
Compiled 139/173 lauxlib.c
Compiled 140/173 lbaselib.c
Compiled 141/173 lcode.c
Compiled 142/173 lcorolib.c
Compiled 143/173 lctype.c
Compiled 144/173 ldblib.c
Compiled 145/173 ldebug.c
Compiled 146/173 ldo.c
Compiled 147/173 ldump.c
Compiled 148/173 lfunc.c
Compiled 149/173 lgc.c
Compiled 150/173 linit.c
Compiled 151/173 liolib.c
Compiled 152/173 llex.c
Compiled 153/173 lmathlib.c
Compiled 154/173 lmem.c
Compiled 155/173 loadlib.c
Compiled 156/173 lobject.c
Compiled 157/173 lopcodes.c
Compiled 158/173 loslib.c
Compiled 159/173 lparser.c
Compiled 160/173 lstate.c
Compiled 161/173 lstring.c
Compiled 162/173 lstrlib.c
Compiled 163/173 ltable.c
Compiled 164/173 ltablib.c
Compiled 165/173 ltm.c
Compiled 166/173 lundump.c
Compiled 167/173 lutf8lib.c
Compiled 168/173 lvm.c
Compiled 169/173 lzio.c
Compiled 170/173 jrogue-abi.c
Compiled 171/173 nh-semantic.c
Compiled 172/173 nh-quest-semantic.c
Compiled 173/173 nh-semantic-name.c
Linking full official engine
{
  "nethack.js": {
    "bytes": 101808,
    "sha256": "6264c54eef0aab706e721a34699b17d5ae8e09b573ac955090e0627f426e3870"
  },
  "nethack.wasm": {
    "bytes": 6958504,
    "sha256": "820096f18e979321c7cec49e48e372802ae02f1d773bcdea55cfbc458db63063"
  }
}
