{
  "status": "source-prerequisites-verified",
  "source_only": true,
  "required_files_checked": 3939,
  "composer_lock_inputs_checked": 84,
  "rust_fixture_references_checked": 8,
  "lua_files_checked": 75,
  "packaged_member_snapshot": {
    "present": true,
    "checked": 7707
  },
  "package_layout_aliases": {
    "requested": true,
    "files_checked": 2141,
    "rust_literal_fixtures_checked": 8
  },
  "existing_rust_proof": {
    "source_files_checked": 11,
    "validation_groups_checked": 4,
    "log_files_checked": 4,
    "recorded_tests_passed": 67,
    "qualification": "Existing proof inputs verified; this checker runs no Rust/compiler command."
  },
  "sdk_presence_only": [
    {
      "path": "C:\\Users\\kit\\emsdk\\python\\3.13.3_64bit\\python.exe",
      "exists": true
    },
    {
      "path": "C:\\Users\\kit\\emsdk\\upstream\\emscripten\\emcc.py",
      "exists": true
    },
    {
      "path": "C:\\Users\\kit\\emsdk\\upstream\\bin\\clang.exe",
      "exists": true
    },
    {
      "path": "C:\\Users\\kit\\emsdk\\node\\24.19.0_64bit\\node.exe",
      "exists": true
    },
    {
      "path": "C:\\Users\\kit\\emsdk\\.emscripten",
      "exists": true
    },
    {
      "path": "C:\\Users\\kit\\AppData\\Local\\Microsoft\\WinGet\\Packages\\BrechtSanders.WinLibs.POSIX.UCRT_Microsoft.Winget.Source_8wekyb3d8bbwe\\mingw64\\bin\\gcc.exe",
      "exists": true
    }
  ],
  "error_count": 0,
  "errors": []
}
