Compiling native makedefs
Compiling native data librarian
Verified 148 complete assets through official WASM DLB reader
Compiled 1/174 allmain.c
Compiled 2/174 alloc.c
Compiled 3/174 apply.c
Compiled 4/174 artifact.c
Compiled 5/174 attrib.c
Compiled 6/174 ball.c
Compiled 7/174 bones.c
Compiled 8/174 botl.c
Compiled 9/174 calendar.c
Compiled 10/174 cfgfiles.c
Compiled 11/174 cmd.c
Compiled 12/174 coloratt.c
Compiled 13/174 dbridge.c
Compiled 14/174 decl.c
Compiled 15/174 detect.c
Compiled 16/174 dig.c
Compiled 17/174 display.c
Compiled 18/174 dlb.c
Compiled 19/174 do.c
Compiled 20/174 do_name.c
Compiled 21/174 do_wear.c
Compiled 22/174 dog.c
Compiled 23/174 dogmove.c
Compiled 24/174 dokick.c
Compiled 25/174 dothrow.c
Compiled 26/174 drawing.c
Compiled 27/174 dungeon.c
Compiled 28/174 earlyarg.c
Compiled 29/174 eat.c
Compiled 30/174 end.c
Compiled 31/174 engrave.c
Compiled 32/174 exper.c
Compiled 33/174 explode.c
Compiled 34/174 extralev.c
Compiled 35/174 files.c
Compiled 36/174 fountain.c
Compiled 37/174 getpos.c
Compiled 38/174 glyphs.c
Compiled 39/174 hack.c
Compiled 40/174 iactions.c
Compiled 41/174 insight.c
Compiled 42/174 invent.c
Compiled 43/174 isaac64.c
Compiled 44/174 light.c
Compiled 45/174 lock.c
Compiled 46/174 mail.c
Compiled 47/174 makemon.c
Compiled 48/174 mcastu.c
Compiled 49/174 mdlib.c
Compiled 50/174 mhitm.c
Compiled 51/174 mhitu.c
Compiled 52/174 minion.c
Compiled 53/174 mklev.c
Compiled 54/174 mkmap.c
Compiled 55/174 mkmaze.c
Compiled 56/174 mkobj.c
Compiled 57/174 mkroom.c
Compiled 58/174 mon.c
Compiled 59/174 mondata.c
Compiled 60/174 monmove.c
Compiled 61/174 monst.c
Compiled 62/174 mplayer.c
Compiled 63/174 mthrowu.c
Compiled 64/174 muse.c
Compiled 65/174 music.c
Compiled 66/174 nhlua.c
Compiled 67/174 nhlsel.c
Compiled 68/174 nhlobj.c
Compiled 69/174 nhmd4.c
Compiled 70/174 objects.c
Compiled 71/174 o_init.c
Compiled 72/174 objnam.c
Compiled 73/174 options.c
Compiled 74/174 pager.c
Compiled 75/174 pickup.c
Compiled 76/174 pline.c
Compiled 77/174 polyself.c
Compiled 78/174 potion.c
Compiled 79/174 pray.c
Compiled 80/174 priest.c
Compiled 81/174 quest.c
Compiled 82/174 questpgr.c
Compiled 83/174 read.c
Compiled 84/174 rect.c
Compiled 85/174 region.c
Compiled 86/174 report.c
Compiled 87/174 restore.c
Compiled 88/174 rip.c
Compiled 89/174 rnd.c
Compiled 90/174 role.c
Compiled 91/174 rumors.c
Compiled 92/174 save.c
Compiled 93/174 selvar.c
Compiled 94/174 sfbase.c
Compiled 95/174 sfstruct.c
Compiled 96/174 shk.c
Compiled 97/174 shknam.c
Compiled 98/174 sit.c
Compiled 99/174 sounds.c
Compiled 100/174 sp_lev.c
Compiled 101/174 spell.c
Compiled 102/174 stairs.c
Compiled 103/174 symbols.c
Compiled 104/174 sys.c
Compiled 105/174 steal.c
Compiled 106/174 steed.c
Compiled 107/174 strutil.c
Compiled 108/174 teleport.c
Compiled 109/174 timeout.c
Compiled 110/174 topten.c
Compiled 111/174 track.c
Compiled 112/174 trap.c
Compiled 113/174 u_init.c
Compiled 114/174 uhitm.c
Compiled 115/174 utf8map.c
Compiled 116/174 vault.c
Compiled 117/174 vision.c
Compiled 118/174 weapon.c
Compiled 119/174 were.c
Compiled 120/174 wield.c
Compiled 121/174 windows.c
Compiled 122/174 wizard.c
Compiled 123/174 wizcmds.c
Compiled 124/174 worm.c
Compiled 125/174 worn.c
Compiled 126/174 write.c
Compiled 127/174 zap.c
Compiled 128/174 version.c
Compiled 129/174 date.c
Compiled 130/174 hacklib.c
Compiled 131/174 libnhmain.c
Compiled 132/174 ioctl.c
Compiled 133/174 unixtty.c
Compiled 134/174 unixunix.c
Compiled 135/174 unixres.c
Compiled 136/174 winshim.c
Compiled 137/174 posixregex.c
Compiled 138/174 lapi.c
Compiled 139/174 lauxlib.c
Compiled 140/174 lbaselib.c
Compiled 141/174 lcode.c
Compiled 142/174 lcorolib.c
Compiled 143/174 lctype.c
Compiled 144/174 ldblib.c
Compiled 145/174 ldebug.c
Compiled 146/174 ldo.c
Compiled 147/174 ldump.c
Compiled 148/174 lfunc.c
Compiled 149/174 lgc.c
Compiled 150/174 linit.c
Compiled 151/174 liolib.c
Compiled 152/174 llex.c
Compiled 153/174 lmathlib.c
Compiled 154/174 lmem.c
Compiled 155/174 loadlib.c
Compiled 156/174 lobject.c
Compiled 157/174 lopcodes.c
Compiled 158/174 loslib.c
Compiled 159/174 lparser.c
Compiled 160/174 lstate.c
Compiled 161/174 lstring.c
Compiled 162/174 lstrlib.c
Compiled 163/174 ltable.c
Compiled 164/174 ltablib.c
Compiled 165/174 ltm.c
Compiled 166/174 lundump.c
Compiled 167/174 lutf8lib.c
Compiled 168/174 lvm.c
Compiled 169/174 lzio.c
Compiled 170/174 jrogue-abi.c
Compiled 171/174 nh-semantic.c
Compiled 172/174 nh-quest-semantic.c
Compiled 173/174 nh-semantic-name.c
Compiled 174/174 nh-phase4-values.c
Linking full official engine
{
  "nethack.js": {
    "bytes": 101808,
    "sha256": "0112b3c86f04e6a0cb8516ec76cc20e5ee96856911df8ff63b581dfb58ae15a1"
  },
  "nethack.wasm": {
    "bytes": 7964307,
    "sha256": "9f4e8cbc8edc4ba53de651a987b40864a62d0128b008ee4a9b6f44496a59813b"
  }
}
