
running 19 tests
test action_binding_sequence_and_modifier_limits_are_enforced ... ok
test action_order_and_empty_local_override_are_not_replaced_by_a_map ... ok
test all_source_event_types_and_i32_sequences_remain_distinct ... ok
test counters_require_lossless_canonical_u64_strings ... ok
test depth_and_parent_epoch_relationships_are_validated ... ok
test duplicate_json_fields_and_invalid_utf8_are_rejected ... ok
test errors_and_valid_observations_never_authorize_commands ... ok
test every_successful_pin_is_released_on_all_transport_error_paths ... ok
test exact_native_key_distinctions_and_empty_origins_survive ... ok
test generation_mismatch_and_parse_failure_release_pin_and_clear_old_state ... ok
test high_bit_notice_halves_remain_lossless ... ok
test nested_return_restores_old_epoch_with_new_publication_and_bindings ... ok
test owned_text_binding_records_preserve_unicode_without_becoming_live_events ... ok
test pointer_size_overflow_and_owned_copy_mismatch_fail_and_release ... ok
test repeated_owned_parsing_is_deterministic ... ok
test schema_source_build_and_unknown_fields_fail_closed ... ok
test stale_duplicates_do_not_repin_but_equal_conflicts_clear_state ... ok
test utf8_field_limits_count_bytes_and_snapshot_limit_precedes_json_parse ... ok
test zero_unsupported_is_sticky_terminal_before_stale_comparison ... ok

test result: ok. 19 passed; 0 failed; 0 ignored; 0 measured; 0 filtered out; finished in 0.03s

