   Compiling version_check v0.9.5
   Compiling generic-array v0.14.7
   Compiling proc-macro2 v1.0.107
   Compiling typenum v1.20.1
   Compiling quote v1.0.47
   Compiling unicode-ident v1.0.26
   Compiling serde_core v1.0.229
   Compiling zmij v1.0.23
   Compiling syn v3.0.6
   Compiling crypto-common v0.1.7
   Compiling block-buffer v0.10.4
   Compiling serde_json v1.0.151
   Compiling serde v1.0.229
   Compiling digest v0.10.7
   Compiling serde_derive v1.0.229
   Compiling cfg-if v1.0.5
   Compiling memchr v2.8.3
   Compiling itoa v1.0.18
   Compiling sha2 v0.10.9
   Compiling unicode-segmentation v1.13.3
   Compiling unicode-width v0.2.2
   Compiling drl-web-port v0.1.0 (C:\Users\kit\AppData\Local\Temp\drl-source-verify-6ec7a4a638014112a25607fda0b9eb89\drl-original-core\port)
    Finished `release` profile [optimized] target(s) in 40.08s
